This file contains any messages produced by compilers while
running configure, to aid debugging if configure makes a mistake.

It was created by SST Elements Library configure 15.0.0, which was
generated by GNU Autoconf 2.72.  Invocation command line was

  $ ./configure --prefix=/home/gera/torus-allreduce/local/sstelements-15.0.0 --with-sst-core=/home/gera/torus-allreduce/local/sstcore-15.0.0 'CFLAGS=-g3 -O0 -fno-omit-frame-pointer' 'CXXFLAGS=-g3 -O0 -fno-omit-frame-pointer' MPICC=mpicc MPICXX=mpicxx --no-create --no-recursion

## --------- ##
## Platform. ##
## --------- ##

hostname = labmmo-server
uname -m = x86_64
uname -r = 6.2.0-37-generic
uname -s = Linux
uname -v = #38~22.04.1-Ubuntu SMP PREEMPT_DYNAMIC Thu Nov  2 18:01:13 UTC 2

/usr/bin/uname -p = x86_64
/bin/uname -X     = unknown

/bin/arch              = x86_64
/usr/bin/arch -k       = unknown
/usr/convex/getsysinfo = unknown
/usr/bin/hostinfo      = unknown
/bin/machine           = unknown
/usr/bin/oslevel       = unknown
/bin/universe          = unknown

PATH: /home/gera/torus-allreduce/local/sstcore-15.0.0/bin/
PATH: /home/gera/torus-allreduce/local/packages/OpenMPI-4.1.6/bin/
PATH: /home/gera/torus-allreduce/local/sstelements-15.0.0/bin/
PATH: /home/gera/torus-allreduce/local/sstcore-15.0.0/bin/
PATH: /home/gera/torus-allreduce/local/packages/OpenMPI-4.1.6/bin/
PATH: /home/gera/.cursor-server/bin/2d3ce3499c15efd55b6b8538ea255eb7ba4266b0/bin/remote-cli/
PATH: /home/gera/.local/bin/
PATH: /home/gera/.cursor-server/bin/2d3ce3499c15efd55b6b8538ea255eb7ba4266b0/bin/remote-cli/
PATH: /home/gera/.local/bin/
PATH: /usr/local/sbin/
PATH: /usr/local/bin/
PATH: /usr/sbin/
PATH: /usr/bin/
PATH: /sbin/
PATH: /bin/
PATH: /usr/games/
PATH: /usr/local/games/
PATH: /snap/bin/
PATH: /usr/local/go/bin/
PATH: /usr/local/go/bin/
PATH: /home/gera/.cursor-server/extensions/ms-python.debugpy-2025.14.1-linux-x64/bundled/scripts/noConfigScripts/


## ----------- ##
## Core tests. ##
## ----------- ##

configure:3317: looking for aux files: ltmain.sh config.guess config.sub compile missing install-sh
configure:3330:  trying ./config/
configure:3359:   ./config/ltmain.sh found
configure:3359:   ./config/config.guess found
configure:3359:   ./config/config.sub found
configure:3359:   ./config/compile found
configure:3359:   ./config/missing found
configure:3341:   ./config/install-sh found
configure:3495: checking for a BSD-compatible install
configure:3569: result: /usr/bin/install -c
configure:3580: checking whether sleep supports fractional seconds
configure:3596: result: yes
configure:3599: checking filesystem timestamp resolution
configure:3734: result: 0.01
configure:3739: checking whether build environment is sane
configure:3780: result: yes
configure:3951: checking for a race-free mkdir -p
configure:3994: result: /usr/bin/mkdir -p
configure:4001: checking for gawk
configure:4037: result: no
configure:4001: checking for mawk
configure:4022: found /usr/bin/mawk
configure:4034: result: mawk
configure:4045: checking whether make sets $(MAKE)
configure:4069: result: yes
configure:4095: checking whether make supports nested variables
configure:4114: result: yes
configure:4128: checking xargs -n works
configure:4144: result: yes
configure:4214: checking how to create a pax tar archive
configure:4225: tar --version
tar (GNU tar) 1.34
Copyright (C) 2021 Free Software Foundation, Inc.
License GPLv3+: GNU GPL version 3 or later <https://gnu.org/licenses/gpl.html>.
This is free software: you are free to change and redistribute it.
There is NO WARRANTY, to the extent permitted by law.

Written by John Gilmore and Jay Fenlason.
configure:4228: $? = 0
configure:4268: tardir=conftest.dir && eval tar --format=posix -chf - "$tardir" >conftest.tar
configure:4271: $? = 0
configure:4275: tar -xf - <conftest.tar
configure:4278: $? = 0
configure:4280: cat conftest.dir/file
GrepMe
configure:4283: $? = 0
configure:4298: result: gnutar
configure:4387: checking whether make supports the include directive
configure:4402: make -f confmf.GNU && cat confinc.out
make[1]: Entering directory '/home/gera/torus-allreduce/scratch/src/sst-elements'
make[1]: Leaving directory '/home/gera/torus-allreduce/scratch/src/sst-elements'
this is the am__doit target
configure:4405: $? = 0
configure:4424: result: yes (GNU style)
configure:4501: checking for gcc
configure:4522: found /usr/bin/gcc
configure:4534: result: gcc
configure:4893: checking for C compiler version
configure:4902: gcc --version >&5
gcc (Ubuntu 11.4.0-1ubuntu1~22.04) 11.4.0
Copyright (C) 2021 Free Software Foundation, Inc.
This is free software; see the source for copying conditions.  There is NO
warranty; not even for MERCHANTABILITY or FITNESS FOR A PARTICULAR PURPOSE.

configure:4913: $? = 0
configure:4902: gcc -v >&5
Using built-in specs.
COLLECT_GCC=gcc
COLLECT_LTO_WRAPPER=/usr/lib/gcc/x86_64-linux-gnu/11/lto-wrapper
OFFLOAD_TARGET_NAMES=nvptx-none:amdgcn-amdhsa
OFFLOAD_TARGET_DEFAULT=1
Target: x86_64-linux-gnu
Configured with: ../src/configure -v --with-pkgversion='Ubuntu 11.4.0-1ubuntu1~22.04' --with-bugurl=file:///usr/share/doc/gcc-11/README.Bugs --enable-languages=c,ada,c++,go,brig,d,fortran,objc,obj-c++,m2 --prefix=/usr --with-gcc-major-version-only --program-suffix=-11 --program-prefix=x86_64-linux-gnu- --enable-shared --enable-linker-build-id --libexecdir=/usr/lib --without-included-gettext --enable-threads=posix --libdir=/usr/lib --enable-nls --enable-bootstrap --enable-clocale=gnu --enable-libstdcxx-debug --enable-libstdcxx-time=yes --with-default-libstdcxx-abi=new --enable-gnu-unique-object --disable-vtable-verify --enable-plugin --enable-default-pie --with-system-zlib --enable-libphobos-checking=release --with-target-system-zlib=auto --enable-objc-gc=auto --enable-multiarch --disable-werror --enable-cet --with-arch-32=i686 --with-abi=m64 --with-multilib-list=m32,m64,mx32 --enable-multilib --with-tune=generic --enable-offload-targets=nvptx-none=/build/gcc-11-XeT9lY/gcc-11-11.4.0/debian/tmp-nvptx/usr,amdgcn-amdhsa=/build/gcc-11-XeT9lY/gcc-11-11.4.0/debian/tmp-gcn/usr --without-cuda-driver --enable-checking=release --build=x86_64-linux-gnu --host=x86_64-linux-gnu --target=x86_64-linux-gnu --with-build-config=bootstrap-lto-lean --enable-link-serialization=2
Thread model: posix
Supported LTO compression algorithms: zlib zstd
gcc version 11.4.0 (Ubuntu 11.4.0-1ubuntu1~22.04) 
... rest of stderr output deleted ...
configure:4913: $? = 0
configure:4902: gcc -V >&5
gcc: error: unrecognized command-line option '-V'
gcc: fatal error: no input files
compilation terminated.
configure:4913: $? = 1
configure:4902: gcc -qversion >&5
gcc: error: unrecognized command-line option '-qversion'; did you mean '--version'?
gcc: fatal error: no input files
compilation terminated.
configure:4913: $? = 1
configure:4902: gcc -version >&5
gcc: error: unrecognized command-line option '-version'
gcc: fatal error: no input files
compilation terminated.
configure:4913: $? = 1
configure:4933: checking whether the C compiler works
configure:4955: gcc -g3 -O0 -fno-omit-frame-pointer   conftest.c  >&5
configure:4959: $? = 0
configure:5010: result: yes
configure:5014: checking for C compiler default output file name
configure:5016: result: a.out
configure:5022: checking for suffix of executables
configure:5029: gcc -o conftest -g3 -O0 -fno-omit-frame-pointer   conftest.c  >&5
configure:5033: $? = 0
configure:5057: result: 
configure:5081: checking whether we are cross compiling
configure:5089: gcc -o conftest -g3 -O0 -fno-omit-frame-pointer   conftest.c  >&5
configure:5093: $? = 0
configure:5100: ./conftest
configure:5104: $? = 0
configure:5119: result: no
configure:5125: checking for suffix of object files
configure:5148: gcc -c -g3 -O0 -fno-omit-frame-pointer  conftest.c >&5
configure:5152: $? = 0
configure:5176: result: o
configure:5180: checking whether the compiler supports GNU C
configure:5200: gcc -c -g3 -O0 -fno-omit-frame-pointer  conftest.c >&5
configure:5200: $? = 0
configure:5212: result: yes
configure:5223: checking whether gcc accepts -g
configure:5244: gcc -c -g  conftest.c >&5
configure:5244: $? = 0
configure:5291: result: yes
configure:5311: checking for gcc option to enable C11 features
configure:5326: gcc  -c -g3 -O0 -fno-omit-frame-pointer  conftest.c >&5
configure:5326: $? = 0
configure:5345: result: none needed
configure:5469: checking whether gcc understands -c and -o together
configure:5492: gcc -c conftest.c -o conftest2.o
configure:5495: $? = 0
configure:5492: gcc -c conftest.c -o conftest2.o
configure:5495: $? = 0
configure:5508: result: yes
configure:5527: checking dependency style of gcc
configure:5640: result: gcc3
configure:5664: checking dependency style of gcc
configure:5775: result: gcc3
configure:5845: checking for gcc
configure:5878: result: gcc
configure:6237: checking for C compiler version
configure:6246: gcc --version >&5
gcc (Ubuntu 11.4.0-1ubuntu1~22.04) 11.4.0
Copyright (C) 2021 Free Software Foundation, Inc.
This is free software; see the source for copying conditions.  There is NO
warranty; not even for MERCHANTABILITY or FITNESS FOR A PARTICULAR PURPOSE.

configure:6257: $? = 0
configure:6246: gcc -v >&5
Using built-in specs.
COLLECT_GCC=gcc
COLLECT_LTO_WRAPPER=/usr/lib/gcc/x86_64-linux-gnu/11/lto-wrapper
OFFLOAD_TARGET_NAMES=nvptx-none:amdgcn-amdhsa
OFFLOAD_TARGET_DEFAULT=1
Target: x86_64-linux-gnu
Configured with: ../src/configure -v --with-pkgversion='Ubuntu 11.4.0-1ubuntu1~22.04' --with-bugurl=file:///usr/share/doc/gcc-11/README.Bugs --enable-languages=c,ada,c++,go,brig,d,fortran,objc,obj-c++,m2 --prefix=/usr --with-gcc-major-version-only --program-suffix=-11 --program-prefix=x86_64-linux-gnu- --enable-shared --enable-linker-build-id --libexecdir=/usr/lib --without-included-gettext --enable-threads=posix --libdir=/usr/lib --enable-nls --enable-bootstrap --enable-clocale=gnu --enable-libstdcxx-debug --enable-libstdcxx-time=yes --with-default-libstdcxx-abi=new --enable-gnu-unique-object --disable-vtable-verify --enable-plugin --enable-default-pie --with-system-zlib --enable-libphobos-checking=release --with-target-system-zlib=auto --enable-objc-gc=auto --enable-multiarch --disable-werror --enable-cet --with-arch-32=i686 --with-abi=m64 --with-multilib-list=m32,m64,mx32 --enable-multilib --with-tune=generic --enable-offload-targets=nvptx-none=/build/gcc-11-XeT9lY/gcc-11-11.4.0/debian/tmp-nvptx/usr,amdgcn-amdhsa=/build/gcc-11-XeT9lY/gcc-11-11.4.0/debian/tmp-gcn/usr --without-cuda-driver --enable-checking=release --build=x86_64-linux-gnu --host=x86_64-linux-gnu --target=x86_64-linux-gnu --with-build-config=bootstrap-lto-lean --enable-link-serialization=2
Thread model: posix
Supported LTO compression algorithms: zlib zstd
gcc version 11.4.0 (Ubuntu 11.4.0-1ubuntu1~22.04) 
... rest of stderr output deleted ...
configure:6257: $? = 0
configure:6246: gcc -V >&5
gcc: error: unrecognized command-line option '-V'
gcc: fatal error: no input files
compilation terminated.
configure:6257: $? = 1
configure:6246: gcc -qversion >&5
gcc: error: unrecognized command-line option '-qversion'; did you mean '--version'?
gcc: fatal error: no input files
compilation terminated.
configure:6257: $? = 1
configure:6246: gcc -version >&5
gcc: error: unrecognized command-line option '-version'
gcc: fatal error: no input files
compilation terminated.
configure:6257: $? = 1
configure:6261: checking whether the compiler supports GNU C
configure:6293: result: yes
configure:6304: checking whether gcc accepts -g
configure:6372: result: yes
configure:6392: checking for gcc option to enable C11 features
configure:6426: result: none needed
configure:6550: checking whether gcc understands -c and -o together
configure:6589: result: yes
configure:6608: checking dependency style of gcc
configure:6721: result: gcc3
configure:6739: checking for inline
configure:6756: gcc -c -g3 -O0 -fno-omit-frame-pointer  conftest.c >&5
configure:6756: $? = 0
configure:6766: result: inline
configure:6784: checking whether make sets $(MAKE)
configure:6808: result: yes
configure:6888: checking for g++
configure:6909: found /usr/bin/g++
configure:6921: result: g++
configure:6948: checking for C++ compiler version
configure:6957: g++ --version >&5
g++ (Ubuntu 11.4.0-1ubuntu1~22.04) 11.4.0
Copyright (C) 2021 Free Software Foundation, Inc.
This is free software; see the source for copying conditions.  There is NO
warranty; not even for MERCHANTABILITY or FITNESS FOR A PARTICULAR PURPOSE.

configure:6968: $? = 0
configure:6957: g++ -v >&5
Using built-in specs.
COLLECT_GCC=g++
COLLECT_LTO_WRAPPER=/usr/lib/gcc/x86_64-linux-gnu/11/lto-wrapper
OFFLOAD_TARGET_NAMES=nvptx-none:amdgcn-amdhsa
OFFLOAD_TARGET_DEFAULT=1
Target: x86_64-linux-gnu
Configured with: ../src/configure -v --with-pkgversion='Ubuntu 11.4.0-1ubuntu1~22.04' --with-bugurl=file:///usr/share/doc/gcc-11/README.Bugs --enable-languages=c,ada,c++,go,brig,d,fortran,objc,obj-c++,m2 --prefix=/usr --with-gcc-major-version-only --program-suffix=-11 --program-prefix=x86_64-linux-gnu- --enable-shared --enable-linker-build-id --libexecdir=/usr/lib --without-included-gettext --enable-threads=posix --libdir=/usr/lib --enable-nls --enable-bootstrap --enable-clocale=gnu --enable-libstdcxx-debug --enable-libstdcxx-time=yes --with-default-libstdcxx-abi=new --enable-gnu-unique-object --disable-vtable-verify --enable-plugin --enable-default-pie --with-system-zlib --enable-libphobos-checking=release --with-target-system-zlib=auto --enable-objc-gc=auto --enable-multiarch --disable-werror --enable-cet --with-arch-32=i686 --with-abi=m64 --with-multilib-list=m32,m64,mx32 --enable-multilib --with-tune=generic --enable-offload-targets=nvptx-none=/build/gcc-11-XeT9lY/gcc-11-11.4.0/debian/tmp-nvptx/usr,amdgcn-amdhsa=/build/gcc-11-XeT9lY/gcc-11-11.4.0/debian/tmp-gcn/usr --without-cuda-driver --enable-checking=release --build=x86_64-linux-gnu --host=x86_64-linux-gnu --target=x86_64-linux-gnu --with-build-config=bootstrap-lto-lean --enable-link-serialization=2
Thread model: posix
Supported LTO compression algorithms: zlib zstd
gcc version 11.4.0 (Ubuntu 11.4.0-1ubuntu1~22.04) 
... rest of stderr output deleted ...
configure:6968: $? = 0
configure:6957: g++ -V >&5
g++: error: unrecognized command-line option '-V'
g++: fatal error: no input files
compilation terminated.
configure:6968: $? = 1
configure:6957: g++ -qversion >&5
g++: error: unrecognized command-line option '-qversion'; did you mean '--version'?
g++: fatal error: no input files
compilation terminated.
configure:6968: $? = 1
configure:6972: checking whether the compiler supports GNU C++
configure:6992: g++ -c -g3 -O0 -fno-omit-frame-pointer  conftest.cpp >&5
configure:6992: $? = 0
configure:7004: result: yes
configure:7015: checking whether g++ accepts -g
configure:7036: g++ -c -g  conftest.cpp >&5
configure:7036: $? = 0
configure:7083: result: yes
configure:7103: checking for g++ option to enable C++11 features
configure:7118: g++  -c -g3 -O0 -fno-omit-frame-pointer  conftest.cpp >&5
conftest.cpp: In function 'int main(int, char**)':
conftest.cpp:175:25: warning: empty parentheses were disambiguated as a function declaration [-Wvexing-parse]
  175 |   cxx11test::delegate d2();
      |                         ^~
conftest.cpp:175:25: note: remove parentheses to default-initialize a variable
  175 |   cxx11test::delegate d2();
      |                         ^~
      |                         --
conftest.cpp:175:25: note: or replace parentheses with braces to value-initialize a variable
configure:7118: $? = 0
configure:7137: result: none needed
configure:7208: checking dependency style of g++
configure:7321: result: gcc3
configure:7419: checking how to run the C preprocessor
configure:7445: gcc -E  conftest.c
configure:7445: $? = 0
configure:7461: gcc -E  conftest.c
conftest.c:9:10: fatal error: ac_nonexistent.h: No such file or directory
    9 | #include <ac_nonexistent.h>
      |          ^~~~~~~~~~~~~~~~~~
compilation terminated.
configure:7461: $? = 1
configure: failed program was:
| /* confdefs.h */
| #define PACKAGE_NAME "SST Elements Library"
| #define PACKAGE_TARNAME "sst-elements-library"
| #define PACKAGE_VERSION "15.0.0"
| #define PACKAGE_STRING "SST Elements Library 15.0.0"
| #define PACKAGE_BUGREPORT "sst@sandia.gov"
| #define PACKAGE_URL ""
| /* end confdefs.h.  */
| #include <ac_nonexistent.h>
configure:7490: result: gcc -E
configure:7504: gcc -E  conftest.c
configure:7504: $? = 0
configure:7520: gcc -E  conftest.c
conftest.c:9:10: fatal error: ac_nonexistent.h: No such file or directory
    9 | #include <ac_nonexistent.h>
      |          ^~~~~~~~~~~~~~~~~~
compilation terminated.
configure:7520: $? = 1
configure: failed program was:
| /* confdefs.h */
| #define PACKAGE_NAME "SST Elements Library"
| #define PACKAGE_TARNAME "sst-elements-library"
| #define PACKAGE_VERSION "15.0.0"
| #define PACKAGE_STRING "SST Elements Library 15.0.0"
| #define PACKAGE_BUGREPORT "sst@sandia.gov"
| #define PACKAGE_URL ""
| /* end confdefs.h.  */
| #include <ac_nonexistent.h>
configure:7558: checking build system type
configure:7574: result: x86_64-pc-linux-gnu
configure:7594: checking host system type
configure:7609: result: x86_64-pc-linux-gnu
configure:7762: checking how to print strings
configure:7789: result: printf
configure:7810: checking for a sed that does not truncate output
configure:7882: result: /usr/bin/sed
configure:7900: checking for grep that handles long lines and -e
configure:7966: result: /usr/bin/grep
configure:7971: checking for egrep
configure:8041: result: /usr/bin/grep -E
configure:8048: checking for fgrep
configure:8118: result: /usr/bin/grep -F
configure:8155: checking for ld used by gcc
configure:8224: result: /usr/bin/ld
configure:8231: checking if the linker (/usr/bin/ld) is GNU ld
configure:8248: result: yes
configure:8260: checking for BSD- or MS-compatible name lister (nm)
configure:8316: result: /usr/bin/nm -B
configure:8458: checking the name lister (/usr/bin/nm -B) interface
configure:8466: gcc -c -g3 -O0 -fno-omit-frame-pointer  conftest.c >&5
configure:8469: /usr/bin/nm -B "conftest.o"
configure:8472: output
0000000000000000 B some_variable
0000000000000000 n wm4.0.3b9ef5c4ac77985394dd1c2bc5ebbebd
0000000000000000 n wm4.stdcpredef.h.19.88fdbfd5cf6f83ed579effc3e425f09b
configure:8480: result: BSD nm
configure:8483: checking whether ln -s works
configure:8487: result: yes
configure:8495: checking the maximum length of command line arguments
configure:8628: result: 1572864
configure:8676: checking how to convert x86_64-pc-linux-gnu file names to x86_64-pc-linux-gnu format
configure:8718: result: func_convert_file_noop
configure:8725: checking how to convert x86_64-pc-linux-gnu file names to toolchain format
configure:8747: result: func_convert_file_noop
configure:8754: checking for /usr/bin/ld option to reload object files
configure:8763: result: -r
configure:8843: checking for objdump
configure:8864: found /usr/bin/objdump
configure:8876: result: objdump
configure:8908: checking how to recognize dependent libraries
configure:9110: result: pass_all
configure:9201: checking for dlltool
configure:9237: result: no
configure:9267: checking how to associate runtime and link libraries
configure:9296: result: printf %s\n
configure:9362: checking for ar
configure:9383: found /usr/bin/ar
configure:9395: result: ar
configure:9432: checking for archiver @FILE support
configure:9450: gcc -c -g3 -O0 -fno-omit-frame-pointer  conftest.c >&5
configure:9450: $? = 0
configure:9454: ar cr libconftest.a @conftest.lst >&5
configure:9457: $? = 0
configure:9462: ar cr libconftest.a @conftest.lst >&5
ar: conftest.o: No such file or directory
configure:9465: $? = 1
configure:9478: result: @
configure:9542: checking for strip
configure:9563: found /usr/bin/strip
configure:9575: result: strip
configure:9653: checking for ranlib
configure:9674: found /usr/bin/ranlib
configure:9686: result: ranlib
configure:9788: checking command to parse /usr/bin/nm -B output from gcc object
configure:9942: gcc -c -g3 -O0 -fno-omit-frame-pointer  conftest.c >&5
configure:9945: $? = 0
configure:9949: /usr/bin/nm -B conftest.o | sed -n -e 's/^.*[	 ]\([ABCDGIRSTW][ABCDGIRSTW]*\)[	 ][	 ]*\([_A-Za-z][_A-Za-z0-9]*\)$/\1 \2 \2/p' | sed '/ __gnu_lto/d' > conftest.nm
configure:10015: gcc -o conftest -g3 -O0 -fno-omit-frame-pointer   conftest.c conftstm.o >&5
configure:10018: $? = 0
configure:10057: result: ok
configure:10104: checking for sysroot
configure:10136: result: no
configure:10143: checking for a working dd
configure:10188: result: /usr/bin/dd
configure:10192: checking how to truncate binary pipes
configure:10209: result: /usr/bin/dd bs=4096 count=1
configure:10346: gcc -c -g3 -O0 -fno-omit-frame-pointer  conftest.c >&5
configure:10349: $? = 0
configure:10549: checking for mt
configure:10570: found /usr/bin/mt
configure:10582: result: mt
configure:10605: checking if mt is a manifest tool
configure:10612: mt '-?'
configure:10621: result: no
configure:11365: checking for stdio.h
configure:11365: gcc -c -g3 -O0 -fno-omit-frame-pointer  conftest.c >&5
configure:11365: $? = 0
configure:11365: result: yes
configure:11365: checking for stdlib.h
configure:11365: gcc -c -g3 -O0 -fno-omit-frame-pointer  conftest.c >&5
configure:11365: $? = 0
configure:11365: result: yes
configure:11365: checking for string.h
configure:11365: gcc -c -g3 -O0 -fno-omit-frame-pointer  conftest.c >&5
configure:11365: $? = 0
configure:11365: result: yes
configure:11365: checking for inttypes.h
configure:11365: gcc -c -g3 -O0 -fno-omit-frame-pointer  conftest.c >&5
configure:11365: $? = 0
configure:11365: result: yes
configure:11365: checking for stdint.h
configure:11365: gcc -c -g3 -O0 -fno-omit-frame-pointer  conftest.c >&5
configure:11365: $? = 0
configure:11365: result: yes
configure:11365: checking for strings.h
configure:11365: gcc -c -g3 -O0 -fno-omit-frame-pointer  conftest.c >&5
configure:11365: $? = 0
configure:11365: result: yes
configure:11365: checking for sys/stat.h
configure:11365: gcc -c -g3 -O0 -fno-omit-frame-pointer  conftest.c >&5
configure:11365: $? = 0
configure:11365: result: yes
configure:11365: checking for sys/types.h
configure:11365: gcc -c -g3 -O0 -fno-omit-frame-pointer  conftest.c >&5
configure:11365: $? = 0
configure:11365: result: yes
configure:11365: checking for unistd.h
configure:11365: gcc -c -g3 -O0 -fno-omit-frame-pointer  conftest.c >&5
configure:11365: $? = 0
configure:11365: result: yes
configure:11390: checking for dlfcn.h
configure:11390: gcc -c -g3 -O0 -fno-omit-frame-pointer  conftest.c >&5
configure:11390: $? = 0
configure:11390: result: yes
configure:11663: checking for objdir
configure:11680: result: .libs
configure:11946: checking if gcc supports -fno-rtti -fno-exceptions
configure:11965: gcc -c -g3 -O0 -fno-omit-frame-pointer  -fno-rtti -fno-exceptions conftest.c >&5
cc1: warning: command-line option '-fno-rtti' is valid for C++/D/ObjC++ but not for C
configure:11969: $? = 0
configure:11983: result: no
configure:12347: checking for gcc option to produce PIC
configure:12356: result: -fPIC -DPIC
configure:12364: checking if gcc PIC flag -fPIC -DPIC works
configure:12383: gcc -c -g3 -O0 -fno-omit-frame-pointer  -fPIC -DPIC -DPIC conftest.c >&5
configure:12387: $? = 0
configure:12401: result: yes
configure:12430: checking if gcc static flag -static works
configure:12460: result: yes
configure:12475: checking if gcc supports -c -o file.o
configure:12497: gcc -c -g3 -O0 -fno-omit-frame-pointer  -o out/conftest2.o conftest.c >&5
configure:12501: $? = 0
configure:12524: result: yes
configure:12532: checking if gcc supports -c -o file.o
configure:12581: result: yes
configure:12614: checking whether the gcc linker (/usr/bin/ld -m elf_x86_64) supports shared libraries
configure:13889: result: yes
configure:13926: checking whether -lc should be explicitly linked in
configure:13935: gcc -c -g3 -O0 -fno-omit-frame-pointer  conftest.c >&5
configure:13938: $? = 0
configure:13953: gcc -shared  -fPIC -DPIC conftest.o  -v -Wl,-soname -Wl,conftest -o conftest 2\>\&1 \| /usr/bin/grep  -lc  \>/dev/null 2\>\&1
configure:13956: $? = 0
configure:13971: result: no
configure:14131: checking dynamic linker characteristics
configure:14713: gcc -o conftest -g3 -O0 -fno-omit-frame-pointer   -Wl,-rpath -Wl,/foo conftest.c  >&5
configure:14713: $? = 0
configure:14965: result: GNU/Linux ld.so
configure:15087: checking how to hardcode library paths into programs
configure:15112: result: immediate
configure:15223: checking for shl_load
configure:15223: gcc -o conftest -g3 -O0 -fno-omit-frame-pointer   conftest.c  >&5
/usr/bin/ld: /tmp/cce1Lacl.o: in function `main':
/home/gera/torus-allreduce/scratch/src/sst-elements/conftest.c:48: undefined reference to `shl_load'
collect2: error: ld returned 1 exit status
configure:15223: $? = 1
configure: failed program was:
| /* confdefs.h */
| #define PACKAGE_NAME "SST Elements Library"
| #define PACKAGE_TARNAME "sst-elements-library"
| #define PACKAGE_VERSION "15.0.0"
| #define PACKAGE_STRING "SST Elements Library 15.0.0"
| #define PACKAGE_BUGREPORT "sst@sandia.gov"
| #define PACKAGE_URL ""
| #define HAVE_STDIO_H 1
| #define HAVE_STDLIB_H 1
| #define HAVE_STRING_H 1
| #define HAVE_INTTYPES_H 1
| #define HAVE_STDINT_H 1
| #define HAVE_STRINGS_H 1
| #define HAVE_SYS_STAT_H 1
| #define HAVE_SYS_TYPES_H 1
| #define HAVE_UNISTD_H 1
| #define STDC_HEADERS 1
| #define HAVE_DLFCN_H 1
| #define LT_OBJDIR ".libs/"
| /* end confdefs.h.  */
| /* Define shl_load to an innocuous variant, in case <limits.h> declares shl_load.
|    For example, HP-UX 11i <limits.h> declares gettimeofday.  */
| #define shl_load innocuous_shl_load
| 
| /* System header to define __stub macros and hopefully few prototypes,
|    which can conflict with char shl_load (void); below.  */
| 
| #include <limits.h>
| #undef shl_load
| 
| /* Override any GCC internal prototype to avoid an error.
|    Use char because int might match the return type of a GCC
|    builtin and then its argument prototype would still apply.  */
| #ifdef __cplusplus
| extern "C"
| #endif
| char shl_load (void);
| /* The GNU C library defines this for functions which it implements
|     to always fail with ENOSYS.  Some functions are actually named
|     something starting with __ and the normal name is an alias.  */
| #if defined __stub_shl_load || defined __stub___shl_load
| choke me
| #endif
| 
| int
| main (void)
| {
| return shl_load ();
|   ;
|   return 0;
| }
configure:15223: result: no
configure:15228: checking for shl_load in -ldld
configure:15257: gcc -o conftest -g3 -O0 -fno-omit-frame-pointer   conftest.c -ldld   >&5
/usr/bin/ld: cannot find -ldld: No such file or directory
collect2: error: ld returned 1 exit status
configure:15257: $? = 1
configure: failed program was:
| /* confdefs.h */
| #define PACKAGE_NAME "SST Elements Library"
| #define PACKAGE_TARNAME "sst-elements-library"
| #define PACKAGE_VERSION "15.0.0"
| #define PACKAGE_STRING "SST Elements Library 15.0.0"
| #define PACKAGE_BUGREPORT "sst@sandia.gov"
| #define PACKAGE_URL ""
| #define HAVE_STDIO_H 1
| #define HAVE_STDLIB_H 1
| #define HAVE_STRING_H 1
| #define HAVE_INTTYPES_H 1
| #define HAVE_STDINT_H 1
| #define HAVE_STRINGS_H 1
| #define HAVE_SYS_STAT_H 1
| #define HAVE_SYS_TYPES_H 1
| #define HAVE_UNISTD_H 1
| #define STDC_HEADERS 1
| #define HAVE_DLFCN_H 1
| #define LT_OBJDIR ".libs/"
| /* end confdefs.h.  */
| 
| /* Override any GCC internal prototype to avoid an error.
|    Use char because int might match the return type of a GCC
|    builtin and then its argument prototype would still apply.
|    The 'extern "C"' is for builds by C++ compilers;
|    although this is not generally supported in C code supporting it here
|    has little cost and some practical benefit (sr 110532).  */
| #ifdef __cplusplus
| extern "C"
| #endif
| char shl_load (void);
| int
| main (void)
| {
| return shl_load ();
|   ;
|   return 0;
| }
configure:15269: result: no
configure:15275: checking for dlopen
configure:15275: gcc -o conftest -g3 -O0 -fno-omit-frame-pointer   conftest.c  >&5
configure:15275: $? = 0
configure:15275: result: yes
configure:15462: checking whether a program can dlopen itself
configure:15543: gcc -o conftest -g3 -O0 -fno-omit-frame-pointer  -DHAVE_DLFCN_H  -Wl,--export-dynamic conftest.c   >&5
configure:15546: $? = 0
configure:15565: result: yes
configure:15570: checking whether a statically linked program can dlopen itself
configure:15651: gcc -o conftest -g3 -O0 -fno-omit-frame-pointer  -DHAVE_DLFCN_H  -Wl,--export-dynamic -static conftest.c   >&5
/usr/bin/ld: /tmp/ccLWfPIc.o: in function `main':
/home/gera/torus-allreduce/scratch/src/sst-elements/configure:15630: warning: Using 'dlopen' in statically linked applications requires at runtime the shared libraries from the glibc version used for linking
configure:15654: $? = 0
conftest: undefined symbol: _fnord
configure:15673: result: no
configure:15712: checking whether stripping libraries is possible
configure:15717: result: yes
configure:15752: checking if libtool supports shared libraries
configure:15754: result: yes
configure:15757: checking whether to build shared libraries
configure:15782: result: yes
configure:15785: checking whether to build static libraries
configure:15789: result: no
configure:15812: checking how to run the C++ preprocessor
configure:15834: g++ -E  conftest.cpp
configure:15834: $? = 0
configure:15850: g++ -E  conftest.cpp
conftest.cpp:21:10: fatal error: ac_nonexistent.h: No such file or directory
   21 | #include <ac_nonexistent.h>
      |          ^~~~~~~~~~~~~~~~~~
compilation terminated.
configure:15850: $? = 1
configure: failed program was:
| /* confdefs.h */
| #define PACKAGE_NAME "SST Elements Library"
| #define PACKAGE_TARNAME "sst-elements-library"
| #define PACKAGE_VERSION "15.0.0"
| #define PACKAGE_STRING "SST Elements Library 15.0.0"
| #define PACKAGE_BUGREPORT "sst@sandia.gov"
| #define PACKAGE_URL ""
| #define HAVE_STDIO_H 1
| #define HAVE_STDLIB_H 1
| #define HAVE_STRING_H 1
| #define HAVE_INTTYPES_H 1
| #define HAVE_STDINT_H 1
| #define HAVE_STRINGS_H 1
| #define HAVE_SYS_STAT_H 1
| #define HAVE_SYS_TYPES_H 1
| #define HAVE_UNISTD_H 1
| #define STDC_HEADERS 1
| #define HAVE_DLFCN_H 1
| #define LT_OBJDIR ".libs/"
| /* end confdefs.h.  */
| #include <ac_nonexistent.h>
configure:15879: result: g++ -E
configure:15893: g++ -E  conftest.cpp
configure:15893: $? = 0
configure:15909: g++ -E  conftest.cpp
conftest.cpp:21:10: fatal error: ac_nonexistent.h: No such file or directory
   21 | #include <ac_nonexistent.h>
      |          ^~~~~~~~~~~~~~~~~~
compilation terminated.
configure:15909: $? = 1
configure: failed program was:
| /* confdefs.h */
| #define PACKAGE_NAME "SST Elements Library"
| #define PACKAGE_TARNAME "sst-elements-library"
| #define PACKAGE_VERSION "15.0.0"
| #define PACKAGE_STRING "SST Elements Library 15.0.0"
| #define PACKAGE_BUGREPORT "sst@sandia.gov"
| #define PACKAGE_URL ""
| #define HAVE_STDIO_H 1
| #define HAVE_STDLIB_H 1
| #define HAVE_STRING_H 1
| #define HAVE_INTTYPES_H 1
| #define HAVE_STDINT_H 1
| #define HAVE_STRINGS_H 1
| #define HAVE_SYS_STAT_H 1
| #define HAVE_SYS_TYPES_H 1
| #define HAVE_UNISTD_H 1
| #define STDC_HEADERS 1
| #define HAVE_DLFCN_H 1
| #define LT_OBJDIR ".libs/"
| /* end confdefs.h.  */
| #include <ac_nonexistent.h>
configure:16077: checking for ld used by g++
configure:16146: result: /usr/bin/ld -m elf_x86_64
configure:16153: checking if the linker (/usr/bin/ld -m elf_x86_64) is GNU ld
configure:16170: result: yes
configure:16225: checking whether the g++ linker (/usr/bin/ld -m elf_x86_64) supports shared libraries
configure:17304: result: yes
configure:17340: g++ -c -g3 -O0 -fno-omit-frame-pointer  conftest.cpp >&5
configure:17343: $? = 0
configure:17824: checking for g++ option to produce PIC
configure:17833: result: -fPIC -DPIC
configure:17841: checking if g++ PIC flag -fPIC -DPIC works
configure:17860: g++ -c -g3 -O0 -fno-omit-frame-pointer  -fPIC -DPIC -DPIC conftest.cpp >&5
configure:17864: $? = 0
configure:17878: result: yes
configure:17901: checking if g++ static flag -static works
configure:17931: result: yes
configure:17943: checking if g++ supports -c -o file.o
configure:17965: g++ -c -g3 -O0 -fno-omit-frame-pointer  -o out/conftest2.o conftest.cpp >&5
configure:17969: $? = 0
configure:17992: result: yes
configure:17997: checking if g++ supports -c -o file.o
configure:18046: result: yes
configure:18076: checking whether the g++ linker (/usr/bin/ld -m elf_x86_64) supports shared libraries
configure:18119: result: yes
configure:18262: checking dynamic linker characteristics
configure:19023: result: GNU/Linux ld.so
configure:19088: checking how to hardcode library paths into programs
configure:19113: result: immediate
configure:19174: checking for gcc options needed to detect all undeclared functions
configure:19196: gcc -c -g3 -O0 -fno-omit-frame-pointer   conftest.c >&5
conftest.c: In function 'main':
conftest.c:25:8: error: 'strchr' undeclared (first use in this function)
   25 | (void) strchr;
      |        ^~~~~~
conftest.c:1:1: note: 'strchr' is defined in header '<string.h>'; did you forget to '#include <string.h>'?
    1 | /* confdefs.h */
conftest.c:25:8: note: each undeclared identifier is reported only once for each function it appears in
   25 | (void) strchr;
      |        ^~~~~~
configure:19196: $? = 1
configure: failed program was:
| /* confdefs.h */
| #define PACKAGE_NAME "SST Elements Library"
| #define PACKAGE_TARNAME "sst-elements-library"
| #define PACKAGE_VERSION "15.0.0"
| #define PACKAGE_STRING "SST Elements Library 15.0.0"
| #define PACKAGE_BUGREPORT "sst@sandia.gov"
| #define PACKAGE_URL ""
| #define HAVE_STDIO_H 1
| #define HAVE_STDLIB_H 1
| #define HAVE_STRING_H 1
| #define HAVE_INTTYPES_H 1
| #define HAVE_STDINT_H 1
| #define HAVE_STRINGS_H 1
| #define HAVE_SYS_STAT_H 1
| #define HAVE_SYS_TYPES_H 1
| #define HAVE_UNISTD_H 1
| #define STDC_HEADERS 1
| #define HAVE_DLFCN_H 1
| #define LT_OBJDIR ".libs/"
| /* end confdefs.h.  */
| 
| int
| main (void)
| {
| (void) strchr;
|   ;
|   return 0;
| }
configure:19223: gcc -c -g3 -O0 -fno-omit-frame-pointer   conftest.c >&5
configure:19223: $? = 0
configure:19243: result: none needed
configure:19257: checking what extension is used for runtime loadable modules
configure:19271: result: .so
configure:19289: checking what variable specifies run-time module search path
configure:19298: result: LD_LIBRARY_PATH
configure:19306: checking for the default library search path
configure:19315: result: /lib /usr/lib /usr/local/cuda/targets/x86_64-linux/lib /usr/local/cuda-12/targets/x86_64-linux/lib /usr/lib/x86_64-linux-gnu/libfakeroot /usr/local/cuda-12.3/targets/x86_64-linux/lib /usr/local/lib/i386-linux-gnu /lib/i386-linux-gnu /usr/lib/i386-linux-gnu /usr/local/lib/i686-linux-gnu /lib/i686-linux-gnu /usr/lib/i686-linux-gnu /usr/local/lib /usr/local/lib/x86_64-linux-gnu /lib/x86_64-linux-gnu /usr/lib/x86_64-linux-gnu /lib32 /usr/lib32 
configure:19344: checking for library containing dlopen
configure:19380: gcc -o conftest -g3 -O0 -fno-omit-frame-pointer   conftest.c  >&5
configure:19380: $? = 0
configure:19402: result: none required
configure:19502: checking for dlerror
configure:19502: gcc -o conftest -g3 -O0 -fno-omit-frame-pointer   conftest.c   >&5
configure:19502: $? = 0
configure:19502: result: yes
configure:19514: checking for shl_load
configure:19514: result: no
configure:19522: checking for shl_load in -ldld
configure:19563: result: no
configure:19611: checking for dld_link in -ldld
configure:19640: gcc -o conftest -g3 -O0 -fno-omit-frame-pointer   conftest.c -ldld   >&5
/usr/bin/ld: cannot find -ldld: No such file or directory
collect2: error: ld returned 1 exit status
configure:19640: $? = 1
configure: failed program was:
| /* confdefs.h */
| #define PACKAGE_NAME "SST Elements Library"
| #define PACKAGE_TARNAME "sst-elements-library"
| #define PACKAGE_VERSION "15.0.0"
| #define PACKAGE_STRING "SST Elements Library 15.0.0"
| #define PACKAGE_BUGREPORT "sst@sandia.gov"
| #define PACKAGE_URL ""
| #define HAVE_STDIO_H 1
| #define HAVE_STDLIB_H 1
| #define HAVE_STRING_H 1
| #define HAVE_INTTYPES_H 1
| #define HAVE_STDINT_H 1
| #define HAVE_STRINGS_H 1
| #define HAVE_SYS_STAT_H 1
| #define HAVE_SYS_TYPES_H 1
| #define HAVE_UNISTD_H 1
| #define STDC_HEADERS 1
| #define HAVE_DLFCN_H 1
| #define LT_OBJDIR ".libs/"
| #define LT_MODULE_EXT ".so"
| #define LT_MODULE_PATH_VAR "LD_LIBRARY_PATH"
| #define LT_DLSEARCH_PATH "/lib:/usr/lib:/usr/local/cuda/targets/x86_64-linux/lib:/usr/local/cuda-12/targets/x86_64-linux/lib:/usr/lib/x86_64-linux-gnu/libfakeroot:/usr/local/cuda-12.3/targets/x86_64-linux/lib:/usr/local/lib/i386-linux-gnu:/lib/i386-linux-gnu:/usr/lib/i386-linux-gnu:/usr/local/lib/i686-linux-gnu:/lib/i686-linux-gnu:/usr/lib/i686-linux-gnu:/usr/local/lib:/usr/local/lib/x86_64-linux-gnu:/lib/x86_64-linux-gnu:/usr/lib/x86_64-linux-gnu:/lib32:/usr/lib32"
| #define HAVE_LIBDL 1
| #define HAVE_DLERROR 1
| /* end confdefs.h.  */
| 
| /* Override any GCC internal prototype to avoid an error.
|    Use char because int might match the return type of a GCC
|    builtin and then its argument prototype would still apply.
|    The 'extern "C"' is for builds by C++ compilers;
|    although this is not generally supported in C code supporting it here
|    has little cost and some practical benefit (sr 110532).  */
| #ifdef __cplusplus
| extern "C"
| #endif
| char dld_link (void);
| int
| main (void)
| {
| return dld_link ();
|   ;
|   return 0;
| }
configure:19652: result: no
configure:19688: checking for _ prefix in compiled symbols
configure:19699: gcc -c -g3 -O0 -fno-omit-frame-pointer  conftest.c >&5
configure:19702: $? = 0
configure:19706: /usr/bin/nm -B conftest.o \| sed -n -e 's/^.*[	 ]\([ABCDGIRSTW][ABCDGIRSTW]*\)[	 ][	 ]*\([_A-Za-z][_A-Za-z0-9]*\)$/\1 \2 \2/p' | sed '/ __gnu_lto/d' \> conftest.nm
configure:19709: $? = 0
configure:19732: result: no
configure:19851: checking whether deplibs are loaded by dlopen
configure:19950: result: yes
configure:19959: checking for argz.h
configure:19959: gcc -c -g3 -O0 -fno-omit-frame-pointer  conftest.c >&5
configure:19959: $? = 0
configure:19959: result: yes
configure:19968: checking for error_t
configure:19968: gcc -c -g3 -O0 -fno-omit-frame-pointer  conftest.c >&5
configure:19968: $? = 0
configure:19968: gcc -c -g3 -O0 -fno-omit-frame-pointer  conftest.c >&5
conftest.c: In function 'main':
conftest.c:35:22: error: expected expression before ')' token
   35 | if (sizeof ((error_t)))
      |                      ^
configure:19968: $? = 1
configure: failed program was:
| /* confdefs.h */
| #define PACKAGE_NAME "SST Elements Library"
| #define PACKAGE_TARNAME "sst-elements-library"
| #define PACKAGE_VERSION "15.0.0"
| #define PACKAGE_STRING "SST Elements Library 15.0.0"
| #define PACKAGE_BUGREPORT "sst@sandia.gov"
| #define PACKAGE_URL ""
| #define HAVE_STDIO_H 1
| #define HAVE_STDLIB_H 1
| #define HAVE_STRING_H 1
| #define HAVE_INTTYPES_H 1
| #define HAVE_STDINT_H 1
| #define HAVE_STRINGS_H 1
| #define HAVE_SYS_STAT_H 1
| #define HAVE_SYS_TYPES_H 1
| #define HAVE_UNISTD_H 1
| #define STDC_HEADERS 1
| #define HAVE_DLFCN_H 1
| #define LT_OBJDIR ".libs/"
| #define LT_MODULE_EXT ".so"
| #define LT_MODULE_PATH_VAR "LD_LIBRARY_PATH"
| #define LT_DLSEARCH_PATH "/lib:/usr/lib:/usr/local/cuda/targets/x86_64-linux/lib:/usr/local/cuda-12/targets/x86_64-linux/lib:/usr/lib/x86_64-linux-gnu/libfakeroot:/usr/local/cuda-12.3/targets/x86_64-linux/lib:/usr/local/lib/i386-linux-gnu:/lib/i386-linux-gnu:/usr/lib/i386-linux-gnu:/usr/local/lib/i686-linux-gnu:/lib/i686-linux-gnu:/usr/lib/i686-linux-gnu:/usr/local/lib:/usr/local/lib/x86_64-linux-gnu:/lib/x86_64-linux-gnu:/usr/lib/x86_64-linux-gnu:/lib32:/usr/lib32"
| #define HAVE_LIBDL 1
| #define HAVE_DLERROR 1
| #define HAVE_LIBDLLOADER 1
| #define HAVE_ARGZ_H 1
| /* end confdefs.h.  */
| #if defined(HAVE_ARGZ_H)
| #  include <argz.h>
| #endif
| 
| int
| main (void)
| {
| if (sizeof ((error_t)))
| 	    return 0;
|   ;
|   return 0;
| }
configure:19968: result: yes
configure:19994: checking for argz_add
configure:19994: gcc -o conftest -g3 -O0 -fno-omit-frame-pointer   conftest.c  >&5
configure:19994: $? = 0
configure:19994: result: yes
configure:19994: checking for argz_append
configure:19994: gcc -o conftest -g3 -O0 -fno-omit-frame-pointer   conftest.c  >&5
configure:19994: $? = 0
configure:19994: result: yes
configure:19994: checking for argz_count
configure:19994: gcc -o conftest -g3 -O0 -fno-omit-frame-pointer   conftest.c  >&5
configure:19994: $? = 0
configure:19994: result: yes
configure:19994: checking for argz_create_sep
configure:19994: gcc -o conftest -g3 -O0 -fno-omit-frame-pointer   conftest.c  >&5
configure:19994: $? = 0
configure:19994: result: yes
configure:19994: checking for argz_insert
configure:19994: gcc -o conftest -g3 -O0 -fno-omit-frame-pointer   conftest.c  >&5
configure:19994: $? = 0
configure:19994: result: yes
configure:19994: checking for argz_next
configure:19994: gcc -o conftest -g3 -O0 -fno-omit-frame-pointer   conftest.c  >&5
configure:19994: $? = 0
configure:19994: result: yes
configure:19994: checking for argz_stringify
configure:19994: gcc -o conftest -g3 -O0 -fno-omit-frame-pointer   conftest.c  >&5
configure:19994: $? = 0
configure:19994: result: yes
configure:20013: checking if argz actually works
configure:20046: result: yes
configure:20065: checking whether libtool supports -dlopen/-dlpreopen
configure:20079: result: yes
configure:20109: checking for ltdl.h
configure:20109: gcc -c -g3 -O0 -fno-omit-frame-pointer  conftest.c >&5
configure:20109: $? = 0
configure:20109: result: yes
configure:20114: checking whether lt_dlinterface_register is declared
configure:20114: gcc -c -g3 -O0 -fno-omit-frame-pointer   conftest.c >&5
configure:20114: $? = 0
configure:20114: result: yes
configure:20119: checking for lt_dladvise_preload in -lltdl
configure:20148: gcc -o conftest -g3 -O0 -fno-omit-frame-pointer   conftest.c -lltdl   >&5
configure:20148: $? = 0
configure:20160: result: yes
configure:20259: checking where to find libltdl headers
configure:20261: result: 
configure:20263: checking where to find libltdl library
configure:20265: result: -lltdl
configure:20311: checking for unistd.h
configure:20311: result: yes
configure:20318: checking for dl.h
configure:20318: gcc -c -g3 -O0 -fno-omit-frame-pointer  conftest.c >&5
conftest.c:69:10: fatal error: dl.h: No such file or directory
   69 | #include <dl.h>
      |          ^~~~~~
compilation terminated.
configure:20318: $? = 1
configure: failed program was:
| /* confdefs.h */
| #define PACKAGE_NAME "SST Elements Library"
| #define PACKAGE_TARNAME "sst-elements-library"
| #define PACKAGE_VERSION "15.0.0"
| #define PACKAGE_STRING "SST Elements Library 15.0.0"
| #define PACKAGE_BUGREPORT "sst@sandia.gov"
| #define PACKAGE_URL ""
| #define HAVE_STDIO_H 1
| #define HAVE_STDLIB_H 1
| #define HAVE_STRING_H 1
| #define HAVE_INTTYPES_H 1
| #define HAVE_STDINT_H 1
| #define HAVE_STRINGS_H 1
| #define HAVE_SYS_STAT_H 1
| #define HAVE_SYS_TYPES_H 1
| #define HAVE_UNISTD_H 1
| #define STDC_HEADERS 1
| #define HAVE_DLFCN_H 1
| #define LT_OBJDIR ".libs/"
| #define LT_MODULE_EXT ".so"
| #define LT_MODULE_PATH_VAR "LD_LIBRARY_PATH"
| #define LT_DLSEARCH_PATH "/lib:/usr/lib:/usr/local/cuda/targets/x86_64-linux/lib:/usr/local/cuda-12/targets/x86_64-linux/lib:/usr/lib/x86_64-linux-gnu/libfakeroot:/usr/local/cuda-12.3/targets/x86_64-linux/lib:/usr/local/lib/i386-linux-gnu:/lib/i386-linux-gnu:/usr/lib/i386-linux-gnu:/usr/local/lib/i686-linux-gnu:/lib/i686-linux-gnu:/usr/lib/i686-linux-gnu:/usr/local/lib:/usr/local/lib/x86_64-linux-gnu:/lib/x86_64-linux-gnu:/usr/lib/x86_64-linux-gnu:/lib32:/usr/lib32"
| #define HAVE_LIBDL 1
| #define HAVE_DLERROR 1
| #define HAVE_LIBDLLOADER 1
| #define HAVE_ARGZ_H 1
| #define HAVE_ERROR_T 1
| #define HAVE_ARGZ_ADD 1
| #define HAVE_ARGZ_APPEND 1
| #define HAVE_ARGZ_COUNT 1
| #define HAVE_ARGZ_CREATE_SEP 1
| #define HAVE_ARGZ_INSERT 1
| #define HAVE_ARGZ_NEXT 1
| #define HAVE_ARGZ_STRINGIFY 1
| #define HAVE_WORKING_ARGZ 1
| #define HAVE_PRELOADED_SYMBOLS 1
| #define HAVE_LTDL 1
| #define HAVE_UNISTD_H 1
| /* end confdefs.h.  */
| #include <stddef.h>
| #ifdef HAVE_STDIO_H
| # include <stdio.h>
| #endif
| #ifdef HAVE_STDLIB_H
| # include <stdlib.h>
| #endif
| #ifdef HAVE_STRING_H
| # include <string.h>
| #endif
| #ifdef HAVE_INTTYPES_H
| # include <inttypes.h>
| #endif
| #ifdef HAVE_STDINT_H
| # include <stdint.h>
| #endif
| #ifdef HAVE_STRINGS_H
| # include <strings.h>
| #endif
| #ifdef HAVE_SYS_TYPES_H
| # include <sys/types.h>
| #endif
| #ifdef HAVE_SYS_STAT_H
| # include <sys/stat.h>
| #endif
| #ifdef HAVE_UNISTD_H
| # include <unistd.h>
| #endif
| 
| #include <dl.h>
configure:20318: result: no
configure:20325: checking for sys/dl.h
configure:20325: gcc -c -g3 -O0 -fno-omit-frame-pointer  conftest.c >&5
conftest.c:69:10: fatal error: sys/dl.h: No such file or directory
   69 | #include <sys/dl.h>
      |          ^~~~~~~~~~
compilation terminated.
configure:20325: $? = 1
configure: failed program was:
| /* confdefs.h */
| #define PACKAGE_NAME "SST Elements Library"
| #define PACKAGE_TARNAME "sst-elements-library"
| #define PACKAGE_VERSION "15.0.0"
| #define PACKAGE_STRING "SST Elements Library 15.0.0"
| #define PACKAGE_BUGREPORT "sst@sandia.gov"
| #define PACKAGE_URL ""
| #define HAVE_STDIO_H 1
| #define HAVE_STDLIB_H 1
| #define HAVE_STRING_H 1
| #define HAVE_INTTYPES_H 1
| #define HAVE_STDINT_H 1
| #define HAVE_STRINGS_H 1
| #define HAVE_SYS_STAT_H 1
| #define HAVE_SYS_TYPES_H 1
| #define HAVE_UNISTD_H 1
| #define STDC_HEADERS 1
| #define HAVE_DLFCN_H 1
| #define LT_OBJDIR ".libs/"
| #define LT_MODULE_EXT ".so"
| #define LT_MODULE_PATH_VAR "LD_LIBRARY_PATH"
| #define LT_DLSEARCH_PATH "/lib:/usr/lib:/usr/local/cuda/targets/x86_64-linux/lib:/usr/local/cuda-12/targets/x86_64-linux/lib:/usr/lib/x86_64-linux-gnu/libfakeroot:/usr/local/cuda-12.3/targets/x86_64-linux/lib:/usr/local/lib/i386-linux-gnu:/lib/i386-linux-gnu:/usr/lib/i386-linux-gnu:/usr/local/lib/i686-linux-gnu:/lib/i686-linux-gnu:/usr/lib/i686-linux-gnu:/usr/local/lib:/usr/local/lib/x86_64-linux-gnu:/lib/x86_64-linux-gnu:/usr/lib/x86_64-linux-gnu:/lib32:/usr/lib32"
| #define HAVE_LIBDL 1
| #define HAVE_DLERROR 1
| #define HAVE_LIBDLLOADER 1
| #define HAVE_ARGZ_H 1
| #define HAVE_ERROR_T 1
| #define HAVE_ARGZ_ADD 1
| #define HAVE_ARGZ_APPEND 1
| #define HAVE_ARGZ_COUNT 1
| #define HAVE_ARGZ_CREATE_SEP 1
| #define HAVE_ARGZ_INSERT 1
| #define HAVE_ARGZ_NEXT 1
| #define HAVE_ARGZ_STRINGIFY 1
| #define HAVE_WORKING_ARGZ 1
| #define HAVE_PRELOADED_SYMBOLS 1
| #define HAVE_LTDL 1
| #define HAVE_UNISTD_H 1
| /* end confdefs.h.  */
| #include <stddef.h>
| #ifdef HAVE_STDIO_H
| # include <stdio.h>
| #endif
| #ifdef HAVE_STDLIB_H
| # include <stdlib.h>
| #endif
| #ifdef HAVE_STRING_H
| # include <string.h>
| #endif
| #ifdef HAVE_INTTYPES_H
| # include <inttypes.h>
| #endif
| #ifdef HAVE_STDINT_H
| # include <stdint.h>
| #endif
| #ifdef HAVE_STRINGS_H
| # include <strings.h>
| #endif
| #ifdef HAVE_SYS_TYPES_H
| # include <sys/types.h>
| #endif
| #ifdef HAVE_SYS_STAT_H
| # include <sys/stat.h>
| #endif
| #ifdef HAVE_UNISTD_H
| # include <unistd.h>
| #endif
| 
| #include <sys/dl.h>
configure:20325: result: no
configure:20332: checking for dld.h
configure:20332: gcc -c -g3 -O0 -fno-omit-frame-pointer  conftest.c >&5
conftest.c:69:10: fatal error: dld.h: No such file or directory
   69 | #include <dld.h>
      |          ^~~~~~~
compilation terminated.
configure:20332: $? = 1
configure: failed program was:
| /* confdefs.h */
| #define PACKAGE_NAME "SST Elements Library"
| #define PACKAGE_TARNAME "sst-elements-library"
| #define PACKAGE_VERSION "15.0.0"
| #define PACKAGE_STRING "SST Elements Library 15.0.0"
| #define PACKAGE_BUGREPORT "sst@sandia.gov"
| #define PACKAGE_URL ""
| #define HAVE_STDIO_H 1
| #define HAVE_STDLIB_H 1
| #define HAVE_STRING_H 1
| #define HAVE_INTTYPES_H 1
| #define HAVE_STDINT_H 1
| #define HAVE_STRINGS_H 1
| #define HAVE_SYS_STAT_H 1
| #define HAVE_SYS_TYPES_H 1
| #define HAVE_UNISTD_H 1
| #define STDC_HEADERS 1
| #define HAVE_DLFCN_H 1
| #define LT_OBJDIR ".libs/"
| #define LT_MODULE_EXT ".so"
| #define LT_MODULE_PATH_VAR "LD_LIBRARY_PATH"
| #define LT_DLSEARCH_PATH "/lib:/usr/lib:/usr/local/cuda/targets/x86_64-linux/lib:/usr/local/cuda-12/targets/x86_64-linux/lib:/usr/lib/x86_64-linux-gnu/libfakeroot:/usr/local/cuda-12.3/targets/x86_64-linux/lib:/usr/local/lib/i386-linux-gnu:/lib/i386-linux-gnu:/usr/lib/i386-linux-gnu:/usr/local/lib/i686-linux-gnu:/lib/i686-linux-gnu:/usr/lib/i686-linux-gnu:/usr/local/lib:/usr/local/lib/x86_64-linux-gnu:/lib/x86_64-linux-gnu:/usr/lib/x86_64-linux-gnu:/lib32:/usr/lib32"
| #define HAVE_LIBDL 1
| #define HAVE_DLERROR 1
| #define HAVE_LIBDLLOADER 1
| #define HAVE_ARGZ_H 1
| #define HAVE_ERROR_T 1
| #define HAVE_ARGZ_ADD 1
| #define HAVE_ARGZ_APPEND 1
| #define HAVE_ARGZ_COUNT 1
| #define HAVE_ARGZ_CREATE_SEP 1
| #define HAVE_ARGZ_INSERT 1
| #define HAVE_ARGZ_NEXT 1
| #define HAVE_ARGZ_STRINGIFY 1
| #define HAVE_WORKING_ARGZ 1
| #define HAVE_PRELOADED_SYMBOLS 1
| #define HAVE_LTDL 1
| #define HAVE_UNISTD_H 1
| /* end confdefs.h.  */
| #include <stddef.h>
| #ifdef HAVE_STDIO_H
| # include <stdio.h>
| #endif
| #ifdef HAVE_STDLIB_H
| # include <stdlib.h>
| #endif
| #ifdef HAVE_STRING_H
| # include <string.h>
| #endif
| #ifdef HAVE_INTTYPES_H
| # include <inttypes.h>
| #endif
| #ifdef HAVE_STDINT_H
| # include <stdint.h>
| #endif
| #ifdef HAVE_STRINGS_H
| # include <strings.h>
| #endif
| #ifdef HAVE_SYS_TYPES_H
| # include <sys/types.h>
| #endif
| #ifdef HAVE_SYS_STAT_H
| # include <sys/stat.h>
| #endif
| #ifdef HAVE_UNISTD_H
| # include <unistd.h>
| #endif
| 
| #include <dld.h>
configure:20332: result: no
configure:20339: checking for mach-o/dyld.h
configure:20339: gcc -c -g3 -O0 -fno-omit-frame-pointer  conftest.c >&5
conftest.c:69:10: fatal error: mach-o/dyld.h: No such file or directory
   69 | #include <mach-o/dyld.h>
      |          ^~~~~~~~~~~~~~~
compilation terminated.
configure:20339: $? = 1
configure: failed program was:
| /* confdefs.h */
| #define PACKAGE_NAME "SST Elements Library"
| #define PACKAGE_TARNAME "sst-elements-library"
| #define PACKAGE_VERSION "15.0.0"
| #define PACKAGE_STRING "SST Elements Library 15.0.0"
| #define PACKAGE_BUGREPORT "sst@sandia.gov"
| #define PACKAGE_URL ""
| #define HAVE_STDIO_H 1
| #define HAVE_STDLIB_H 1
| #define HAVE_STRING_H 1
| #define HAVE_INTTYPES_H 1
| #define HAVE_STDINT_H 1
| #define HAVE_STRINGS_H 1
| #define HAVE_SYS_STAT_H 1
| #define HAVE_SYS_TYPES_H 1
| #define HAVE_UNISTD_H 1
| #define STDC_HEADERS 1
| #define HAVE_DLFCN_H 1
| #define LT_OBJDIR ".libs/"
| #define LT_MODULE_EXT ".so"
| #define LT_MODULE_PATH_VAR "LD_LIBRARY_PATH"
| #define LT_DLSEARCH_PATH "/lib:/usr/lib:/usr/local/cuda/targets/x86_64-linux/lib:/usr/local/cuda-12/targets/x86_64-linux/lib:/usr/lib/x86_64-linux-gnu/libfakeroot:/usr/local/cuda-12.3/targets/x86_64-linux/lib:/usr/local/lib/i386-linux-gnu:/lib/i386-linux-gnu:/usr/lib/i386-linux-gnu:/usr/local/lib/i686-linux-gnu:/lib/i686-linux-gnu:/usr/lib/i686-linux-gnu:/usr/local/lib:/usr/local/lib/x86_64-linux-gnu:/lib/x86_64-linux-gnu:/usr/lib/x86_64-linux-gnu:/lib32:/usr/lib32"
| #define HAVE_LIBDL 1
| #define HAVE_DLERROR 1
| #define HAVE_LIBDLLOADER 1
| #define HAVE_ARGZ_H 1
| #define HAVE_ERROR_T 1
| #define HAVE_ARGZ_ADD 1
| #define HAVE_ARGZ_APPEND 1
| #define HAVE_ARGZ_COUNT 1
| #define HAVE_ARGZ_CREATE_SEP 1
| #define HAVE_ARGZ_INSERT 1
| #define HAVE_ARGZ_NEXT 1
| #define HAVE_ARGZ_STRINGIFY 1
| #define HAVE_WORKING_ARGZ 1
| #define HAVE_PRELOADED_SYMBOLS 1
| #define HAVE_LTDL 1
| #define HAVE_UNISTD_H 1
| /* end confdefs.h.  */
| #include <stddef.h>
| #ifdef HAVE_STDIO_H
| # include <stdio.h>
| #endif
| #ifdef HAVE_STDLIB_H
| # include <stdlib.h>
| #endif
| #ifdef HAVE_STRING_H
| # include <string.h>
| #endif
| #ifdef HAVE_INTTYPES_H
| # include <inttypes.h>
| #endif
| #ifdef HAVE_STDINT_H
| # include <stdint.h>
| #endif
| #ifdef HAVE_STRINGS_H
| # include <strings.h>
| #endif
| #ifdef HAVE_SYS_TYPES_H
| # include <sys/types.h>
| #endif
| #ifdef HAVE_SYS_STAT_H
| # include <sys/stat.h>
| #endif
| #ifdef HAVE_UNISTD_H
| # include <unistd.h>
| #endif
| 
| #include <mach-o/dyld.h>
configure:20339: result: no
configure:20346: checking for dirent.h
configure:20346: gcc -c -g3 -O0 -fno-omit-frame-pointer  conftest.c >&5
configure:20346: $? = 0
configure:20346: result: yes
configure:20359: checking for closedir
configure:20359: gcc -o conftest -g3 -O0 -fno-omit-frame-pointer   conftest.c  >&5
configure:20359: $? = 0
configure:20359: result: yes
configure:20359: checking for opendir
configure:20359: gcc -o conftest -g3 -O0 -fno-omit-frame-pointer   conftest.c  >&5
configure:20359: $? = 0
configure:20359: result: yes
configure:20359: checking for readdir
configure:20359: gcc -o conftest -g3 -O0 -fno-omit-frame-pointer   conftest.c  >&5
configure:20359: $? = 0
configure:20359: result: yes
configure:20379: checking for strlcat
configure:20379: gcc -o conftest -g3 -O0 -fno-omit-frame-pointer   conftest.c  >&5
/usr/bin/ld: /tmp/ccKzZ1Kw.o: in function `main':
/home/gera/torus-allreduce/scratch/src/sst-elements/conftest.c:71: undefined reference to `strlcat'
collect2: error: ld returned 1 exit status
configure:20379: $? = 1
configure: failed program was:
| /* confdefs.h */
| #define PACKAGE_NAME "SST Elements Library"
| #define PACKAGE_TARNAME "sst-elements-library"
| #define PACKAGE_VERSION "15.0.0"
| #define PACKAGE_STRING "SST Elements Library 15.0.0"
| #define PACKAGE_BUGREPORT "sst@sandia.gov"
| #define PACKAGE_URL ""
| #define HAVE_STDIO_H 1
| #define HAVE_STDLIB_H 1
| #define HAVE_STRING_H 1
| #define HAVE_INTTYPES_H 1
| #define HAVE_STDINT_H 1
| #define HAVE_STRINGS_H 1
| #define HAVE_SYS_STAT_H 1
| #define HAVE_SYS_TYPES_H 1
| #define HAVE_UNISTD_H 1
| #define STDC_HEADERS 1
| #define HAVE_DLFCN_H 1
| #define LT_OBJDIR ".libs/"
| #define LT_MODULE_EXT ".so"
| #define LT_MODULE_PATH_VAR "LD_LIBRARY_PATH"
| #define LT_DLSEARCH_PATH "/lib:/usr/lib:/usr/local/cuda/targets/x86_64-linux/lib:/usr/local/cuda-12/targets/x86_64-linux/lib:/usr/lib/x86_64-linux-gnu/libfakeroot:/usr/local/cuda-12.3/targets/x86_64-linux/lib:/usr/local/lib/i386-linux-gnu:/lib/i386-linux-gnu:/usr/lib/i386-linux-gnu:/usr/local/lib/i686-linux-gnu:/lib/i686-linux-gnu:/usr/lib/i686-linux-gnu:/usr/local/lib:/usr/local/lib/x86_64-linux-gnu:/lib/x86_64-linux-gnu:/usr/lib/x86_64-linux-gnu:/lib32:/usr/lib32"
| #define HAVE_LIBDL 1
| #define HAVE_DLERROR 1
| #define HAVE_LIBDLLOADER 1
| #define HAVE_ARGZ_H 1
| #define HAVE_ERROR_T 1
| #define HAVE_ARGZ_ADD 1
| #define HAVE_ARGZ_APPEND 1
| #define HAVE_ARGZ_COUNT 1
| #define HAVE_ARGZ_CREATE_SEP 1
| #define HAVE_ARGZ_INSERT 1
| #define HAVE_ARGZ_NEXT 1
| #define HAVE_ARGZ_STRINGIFY 1
| #define HAVE_WORKING_ARGZ 1
| #define HAVE_PRELOADED_SYMBOLS 1
| #define HAVE_LTDL 1
| #define HAVE_UNISTD_H 1
| #define HAVE_DIRENT_H 1
| #define HAVE_CLOSEDIR 1
| #define HAVE_OPENDIR 1
| #define HAVE_READDIR 1
| /* end confdefs.h.  */
| /* Define strlcat to an innocuous variant, in case <limits.h> declares strlcat.
|    For example, HP-UX 11i <limits.h> declares gettimeofday.  */
| #define strlcat innocuous_strlcat
| 
| /* System header to define __stub macros and hopefully few prototypes,
|    which can conflict with char strlcat (void); below.  */
| 
| #include <limits.h>
| #undef strlcat
| 
| /* Override any GCC internal prototype to avoid an error.
|    Use char because int might match the return type of a GCC
|    builtin and then its argument prototype would still apply.  */
| #ifdef __cplusplus
| extern "C"
| #endif
| char strlcat (void);
| /* The GNU C library defines this for functions which it implements
|     to always fail with ENOSYS.  Some functions are actually named
|     something starting with __ and the normal name is an alias.  */
| #if defined __stub_strlcat || defined __stub___strlcat
| choke me
| #endif
| 
| int
| main (void)
| {
| return strlcat ();
|   ;
|   return 0;
| }
configure:20379: result: no
configure:20379: checking for strlcpy
configure:20379: gcc -o conftest -g3 -O0 -fno-omit-frame-pointer   conftest.c  >&5
/usr/bin/ld: /tmp/ccvMQC6P.o: in function `main':
/home/gera/torus-allreduce/scratch/src/sst-elements/conftest.c:71: undefined reference to `strlcpy'
collect2: error: ld returned 1 exit status
configure:20379: $? = 1
configure: failed program was:
| /* confdefs.h */
| #define PACKAGE_NAME "SST Elements Library"
| #define PACKAGE_TARNAME "sst-elements-library"
| #define PACKAGE_VERSION "15.0.0"
| #define PACKAGE_STRING "SST Elements Library 15.0.0"
| #define PACKAGE_BUGREPORT "sst@sandia.gov"
| #define PACKAGE_URL ""
| #define HAVE_STDIO_H 1
| #define HAVE_STDLIB_H 1
| #define HAVE_STRING_H 1
| #define HAVE_INTTYPES_H 1
| #define HAVE_STDINT_H 1
| #define HAVE_STRINGS_H 1
| #define HAVE_SYS_STAT_H 1
| #define HAVE_SYS_TYPES_H 1
| #define HAVE_UNISTD_H 1
| #define STDC_HEADERS 1
| #define HAVE_DLFCN_H 1
| #define LT_OBJDIR ".libs/"
| #define LT_MODULE_EXT ".so"
| #define LT_MODULE_PATH_VAR "LD_LIBRARY_PATH"
| #define LT_DLSEARCH_PATH "/lib:/usr/lib:/usr/local/cuda/targets/x86_64-linux/lib:/usr/local/cuda-12/targets/x86_64-linux/lib:/usr/lib/x86_64-linux-gnu/libfakeroot:/usr/local/cuda-12.3/targets/x86_64-linux/lib:/usr/local/lib/i386-linux-gnu:/lib/i386-linux-gnu:/usr/lib/i386-linux-gnu:/usr/local/lib/i686-linux-gnu:/lib/i686-linux-gnu:/usr/lib/i686-linux-gnu:/usr/local/lib:/usr/local/lib/x86_64-linux-gnu:/lib/x86_64-linux-gnu:/usr/lib/x86_64-linux-gnu:/lib32:/usr/lib32"
| #define HAVE_LIBDL 1
| #define HAVE_DLERROR 1
| #define HAVE_LIBDLLOADER 1
| #define HAVE_ARGZ_H 1
| #define HAVE_ERROR_T 1
| #define HAVE_ARGZ_ADD 1
| #define HAVE_ARGZ_APPEND 1
| #define HAVE_ARGZ_COUNT 1
| #define HAVE_ARGZ_CREATE_SEP 1
| #define HAVE_ARGZ_INSERT 1
| #define HAVE_ARGZ_NEXT 1
| #define HAVE_ARGZ_STRINGIFY 1
| #define HAVE_WORKING_ARGZ 1
| #define HAVE_PRELOADED_SYMBOLS 1
| #define HAVE_LTDL 1
| #define HAVE_UNISTD_H 1
| #define HAVE_DIRENT_H 1
| #define HAVE_CLOSEDIR 1
| #define HAVE_OPENDIR 1
| #define HAVE_READDIR 1
| /* end confdefs.h.  */
| /* Define strlcpy to an innocuous variant, in case <limits.h> declares strlcpy.
|    For example, HP-UX 11i <limits.h> declares gettimeofday.  */
| #define strlcpy innocuous_strlcpy
| 
| /* System header to define __stub macros and hopefully few prototypes,
|    which can conflict with char strlcpy (void); below.  */
| 
| #include <limits.h>
| #undef strlcpy
| 
| /* Override any GCC internal prototype to avoid an error.
|    Use char because int might match the return type of a GCC
|    builtin and then its argument prototype would still apply.  */
| #ifdef __cplusplus
| extern "C"
| #endif
| char strlcpy (void);
| /* The GNU C library defines this for functions which it implements
|     to always fail with ENOSYS.  Some functions are actually named
|     something starting with __ and the normal name is an alias.  */
| #if defined __stub_strlcpy || defined __stub___strlcpy
| choke me
| #endif
| 
| int
| main (void)
| {
| return strlcpy ();
|   ;
|   return 0;
| }
configure:20379: result: no
configure:21356: --with-sst-core check = good 1
configure:21365: --with-sst-core check = good 2
configure:21372: checking for sst-config
configure:21411: result: no
configure:21417: checking for sst-config tool available
configure:21424: error: Unable to find sst-config in /home/gera/torus-allreduce/local/sstcore-15.0.0/bin

## ---------------- ##
## Cache variables. ##
## ---------------- ##

ac_cv_build=x86_64-pc-linux-gnu
ac_cv_c_compiler_gnu=yes
ac_cv_c_inline=inline
ac_cv_c_undeclared_builtin_options='none needed'
ac_cv_cxx_compiler_gnu=yes
ac_cv_env_CCASFLAGS_set=
ac_cv_env_CCASFLAGS_value=
ac_cv_env_CCAS_set=
ac_cv_env_CCAS_value=
ac_cv_env_CCC_set=
ac_cv_env_CCC_value=
ac_cv_env_CC_set=
ac_cv_env_CC_value=
ac_cv_env_CFLAGS_set=set
ac_cv_env_CFLAGS_value='-g3 -O0 -fno-omit-frame-pointer'
ac_cv_env_CPPFLAGS_set=
ac_cv_env_CPPFLAGS_value=
ac_cv_env_CPP_set=
ac_cv_env_CPP_value=
ac_cv_env_CXXCPP_set=
ac_cv_env_CXXCPP_value=
ac_cv_env_CXXFLAGS_set=set
ac_cv_env_CXXFLAGS_value='-g3 -O0 -fno-omit-frame-pointer'
ac_cv_env_CXX_set=
ac_cv_env_CXX_value=
ac_cv_env_LDFLAGS_set=
ac_cv_env_LDFLAGS_value=
ac_cv_env_LIBS_set=
ac_cv_env_LIBS_value=
ac_cv_env_LT_SYS_LIBRARY_PATH_set=
ac_cv_env_LT_SYS_LIBRARY_PATH_value=
ac_cv_env_MPICC_set=set
ac_cv_env_MPICC_value=mpicc
ac_cv_env_MPICPP_set=
ac_cv_env_MPICPP_value=
ac_cv_env_MPICXXCPP_set=
ac_cv_env_MPICXXCPP_value=
ac_cv_env_MPICXX_set=set
ac_cv_env_MPICXX_value=mpicxx
ac_cv_env_build_alias_set=
ac_cv_env_build_alias_value=
ac_cv_env_host_alias_set=
ac_cv_env_host_alias_value=
ac_cv_env_target_alias_set=
ac_cv_env_target_alias_value=
ac_cv_func_argz_add=yes
ac_cv_func_argz_append=yes
ac_cv_func_argz_count=yes
ac_cv_func_argz_create_sep=yes
ac_cv_func_argz_insert=yes
ac_cv_func_argz_next=yes
ac_cv_func_argz_stringify=yes
ac_cv_func_closedir=yes
ac_cv_func_dlerror=yes
ac_cv_func_dlopen=yes
ac_cv_func_opendir=yes
ac_cv_func_readdir=yes
ac_cv_func_shl_load=no
ac_cv_func_strlcat=no
ac_cv_func_strlcpy=no
ac_cv_have_decl_lt_dlinterface_register=yes
ac_cv_header_argz_h=yes
ac_cv_header_dirent_h=yes
ac_cv_header_dl_h=no
ac_cv_header_dld_h=no
ac_cv_header_dlfcn_h=yes
ac_cv_header_inttypes_h=yes
ac_cv_header_ltdl_h=yes
ac_cv_header_mach_o_dyld_h=no
ac_cv_header_stdint_h=yes
ac_cv_header_stdio_h=yes
ac_cv_header_stdlib_h=yes
ac_cv_header_string_h=yes
ac_cv_header_strings_h=yes
ac_cv_header_sys_dl_h=no
ac_cv_header_sys_stat_h=yes
ac_cv_header_sys_types_h=yes
ac_cv_header_unistd_h=yes
ac_cv_host=x86_64-pc-linux-gnu
ac_cv_lib_dld_dld_link=no
ac_cv_lib_dld_shl_load=no
ac_cv_lib_ltdl_lt_dladvise_preload=yes
ac_cv_objext=o
ac_cv_path_EGREP='/usr/bin/grep -E'
ac_cv_path_EGREP_TRADITIONAL='/usr/bin/grep -E'
ac_cv_path_FGREP='/usr/bin/grep -F'
ac_cv_path_GREP=/usr/bin/grep
ac_cv_path_SED=/usr/bin/sed
ac_cv_path_install='/usr/bin/install -c'
ac_cv_path_lt_DD=/usr/bin/dd
ac_cv_path_mkdir=/usr/bin/mkdir
ac_cv_prog_AWK=mawk
ac_cv_prog_CPP='gcc -E'
ac_cv_prog_CXXCPP='g++ -E'
ac_cv_prog_ac_ct_AR=ar
ac_cv_prog_ac_ct_CC=gcc
ac_cv_prog_ac_ct_CXX=g++
ac_cv_prog_ac_ct_MANIFEST_TOOL=mt
ac_cv_prog_ac_ct_OBJDUMP=objdump
ac_cv_prog_ac_ct_RANLIB=ranlib
ac_cv_prog_ac_ct_STRIP=strip
ac_cv_prog_cc_c11=
ac_cv_prog_cc_g=yes
ac_cv_prog_cc_stdc=
ac_cv_prog_cxx_cxx11=
ac_cv_prog_cxx_g=yes
ac_cv_prog_cxx_stdcxx=
ac_cv_prog_make_make_set=yes
ac_cv_search_dlopen='none required'
ac_cv_type_error_t=yes
am_cv_CCAS_dependencies_compiler_type=gcc3
am_cv_CC_dependencies_compiler_type=gcc3
am_cv_CXX_dependencies_compiler_type=gcc3
am_cv_filesystem_timestamp_resolution=0.01
am_cv_make_support_nested_variables=yes
am_cv_prog_cc_c_o=yes
am_cv_prog_tar_pax=gnutar
am_cv_sleep_fractional_seconds=yes
am_cv_xargs_n_works=yes
libltdl_cv_lib_dl_dlopen=yes
libltdl_cv_preloaded_symbols=yes
libltdl_cv_shlibext=.so
libltdl_cv_shrext=.so
lt_cv_ar_at_file=@
lt_cv_archive_cmds_need_lc=no
lt_cv_deplibs_check_method=pass_all
lt_cv_dlopen=dlopen
lt_cv_dlopen_libs=
lt_cv_dlopen_self=yes
lt_cv_dlopen_self_static=no
lt_cv_file_magic_cmd='$MAGIC_CMD'
lt_cv_file_magic_test_file=
lt_cv_ld_reload_flag=-r
lt_cv_module_path_var=LD_LIBRARY_PATH
lt_cv_nm_interface='BSD nm'
lt_cv_objdir=.libs
lt_cv_path_LD=/usr/bin/ld
lt_cv_path_LDCXX='/usr/bin/ld -m elf_x86_64'
lt_cv_path_NM='/usr/bin/nm -B'
lt_cv_path_mainfest_tool=no
lt_cv_prog_compiler_c_o=yes
lt_cv_prog_compiler_c_o_CXX=yes
lt_cv_prog_compiler_pic='-fPIC -DPIC'
lt_cv_prog_compiler_pic_CXX='-fPIC -DPIC'
lt_cv_prog_compiler_pic_works=yes
lt_cv_prog_compiler_pic_works_CXX=yes
lt_cv_prog_compiler_rtti_exceptions=no
lt_cv_prog_compiler_static_works=yes
lt_cv_prog_compiler_static_works_CXX=yes
lt_cv_prog_gnu_ld=yes
lt_cv_prog_gnu_ldcxx=yes
lt_cv_sharedlib_from_linklib_cmd='printf %s\n'
lt_cv_shlibpath_overrides_runpath=yes
lt_cv_sys_argz_works=yes
lt_cv_sys_dlopen_deplibs=yes
lt_cv_sys_dlsearch_path='/lib /usr/lib /usr/local/cuda/targets/x86_64-linux/lib /usr/local/cuda-12/targets/x86_64-linux/lib /usr/lib/x86_64-linux-gnu/libfakeroot /usr/local/cuda-12.3/targets/x86_64-linux/lib /usr/local/lib/i386-linux-gnu /lib/i386-linux-gnu /usr/lib/i386-linux-gnu /usr/local/lib/i686-linux-gnu /lib/i686-linux-gnu /usr/lib/i686-linux-gnu /usr/local/lib /usr/local/lib/x86_64-linux-gnu /lib/x86_64-linux-gnu /usr/lib/x86_64-linux-gnu /lib32 /usr/lib32 '
lt_cv_sys_global_symbol_pipe='sed -n -e '\''s/^.*[	 ]\([ABCDGIRSTW][ABCDGIRSTW]*\)[	 ][	 ]*\([_A-Za-z][_A-Za-z0-9]*\)$/\1 \2 \2/p'\'' | sed '\''/ __gnu_lto/d'\'''
lt_cv_sys_global_symbol_to_c_name_address='sed -n -e '\''s/^: \(.*\) .*$/  {"\1", (void *) 0},/p'\'' -e '\''s/^[ABCDGIRSTW][ABCDGIRSTW]* .* \(.*\)$/  {"\1", (void *) \&\1},/p'\'''
lt_cv_sys_global_symbol_to_c_name_address_lib_prefix='sed -n -e '\''s/^: \(.*\) .*$/  {"\1", (void *) 0},/p'\'' -e '\''s/^[ABCDGIRSTW][ABCDGIRSTW]* .* \(lib.*\)$/  {"\1", (void *) \&\1},/p'\'' -e '\''s/^[ABCDGIRSTW][ABCDGIRSTW]* .* \(.*\)$/  {"lib\1", (void *) \&\1},/p'\'''
lt_cv_sys_global_symbol_to_cdecl='sed -n -e '\''s/^T .* \(.*\)$/extern int \1();/p'\'' -e '\''s/^[ABCDGIRSTW][ABCDGIRSTW]* .* \(.*\)$/extern char \1;/p'\'''
lt_cv_sys_global_symbol_to_import=
lt_cv_sys_max_cmd_len=1572864
lt_cv_sys_symbol_underscore=no
lt_cv_to_host_file_cmd=func_convert_file_noop
lt_cv_to_tool_file_cmd=func_convert_file_noop
lt_cv_truncate_bin='/usr/bin/dd bs=4096 count=1'

## ----------------- ##
## Output variables. ##
## ----------------- ##

ACLOCAL='${SHELL} '\''/home/gera/torus-allreduce/scratch/src/sst-elements/config/missing'\'' aclocal-1.17'
AMDEPBACKSLASH='\'
AMDEP_FALSE='#'
AMDEP_TRUE=''
AMTAR='$${TAR-tar}'
AM_BACKSLASH='\'
AM_CFLAGS=''
AM_CPPFLAGS=''
AM_CXXFLAGS=''
AM_DEFAULT_V=''
AM_DEFAULT_VERBOSITY='0'
AM_LDFLAGS=''
AM_V=''
AR='ar'
ARIEL_MPICC='mpicc'
ARIEL_MPICXX='mpicxx'
ARIEL_MPI_CFLAGS=''
ARIEL_MPI_LIBS=''
AUTOCONF='${SHELL} '\''/home/gera/torus-allreduce/scratch/src/sst-elements/config/missing'\'' autoconf'
AUTOHEADER='${SHELL} '\''/home/gera/torus-allreduce/scratch/src/sst-elements/config/missing'\'' autoheader'
AUTOMAKE='${SHELL} '\''/home/gera/torus-allreduce/scratch/src/sst-elements/config/missing'\'' automake-1.17'
AWK='mawk'
CC='gcc'
CCAS='gcc'
CCASDEPMODE='depmode=gcc3'
CCASFLAGS='-g3 -O0 -fno-omit-frame-pointer'
CCDEPMODE='depmode=gcc3'
CC_VERSION=''
CFLAGS='-g3 -O0 -fno-omit-frame-pointer'
COMPILE_CLANG_FALSE=''
COMPILE_CLANG_TRUE=''
CONVENIENCE_LTDL_FALSE='#'
CONVENIENCE_LTDL_TRUE=''
CPP='gcc -E'
CPPFLAGS=''
CSCOPE='cscope'
CTAGS='ctags'
CUDA_CPPFLAGS=''
CUDA_LDFLAGS=''
CUDA_LIBDIR=''
CUDA_LIBS=''
CXX='g++'
CXXCPP='g++ -E'
CXXDEPMODE='depmode=gcc3'
CXXFLAGS='-g3 -O0 -fno-omit-frame-pointer'
CYGPATH_W='echo'
DEFS=''
DEPDIR='.deps'
DLLTOOL='false'
DRAMSIM3_CPPFLAGS=''
DRAMSIM3_LDFLAGS=''
DRAMSIM3_LIB=''
DRAMSIM3_LIBDIR=''
DRAMSIM_CPPFLAGS=''
DRAMSIM_LDFLAGS=''
DRAMSIM_LIB=''
DRAMSIM_LIBDIR=''
DSYMUTIL=''
DUMPBIN=''
DUMPI_CPPFLAGS=''
DUMPI_LDFLAGS=''
DUMPI_LIB=''
ECHO_C=''
ECHO_N='-n'
ECHO_T=''
EGREP='/usr/bin/grep -E'
EMBER_HAVE_OTF2_FALSE=''
EMBER_HAVE_OTF2_TRUE=''
ETAGS='etags'
EXEEXT=''
FDSIM_CPPFLAGS=''
FDSIM_CXXFLAGS=''
FDSIM_LDFLAGS=''
FDSIM_LIB=''
FDSIM_LIBDIR=''
FGREP='/usr/bin/grep -F'
GOBLIN_HMCSIM_CPPFLAGS=''
GOBLIN_HMCSIM_LDFLAGS=''
GOBLIN_HMCSIM_LIB=''
GOBLIN_HMCSIM_LIBDIR=''
GPGPUSIM_CPPFLAGS=''
GPGPUSIM_LDFLAGS=''
GPGPUSIM_LIB=''
GPGPUSIM_LIBDIR=''
GREP='/usr/bin/grep'
HAVE_DRAMSIM3_FALSE=''
HAVE_DRAMSIM3_TRUE=''
HAVE_DRAMSIM_FALSE=''
HAVE_DRAMSIM_TRUE=''
HAVE_FDSIM_FALSE=''
HAVE_FDSIM_TRUE=''
HAVE_HBMDRAMSIM_FALSE=''
HAVE_HBMDRAMSIM_TRUE=''
HAVE_HYBRIDSIM_FALSE=''
HAVE_HYBRIDSIM_TRUE=''
HAVE_NUMPY_FALSE=''
HAVE_NUMPY_TRUE=''
HAVE_NVDIMMSIM_FALSE=''
HAVE_NVDIMMSIM_TRUE=''
HAVE_PIN324_FALSE=''
HAVE_PIN324_TRUE=''
HAVE_PIN325_FALSE=''
HAVE_PIN325_TRUE=''
HAVE_PIN3_FALSE=''
HAVE_PIN3_TRUE=''
HAVE_PINTOOL_FALSE=''
HAVE_PINTOOL_TRUE=''
HAVE_RAMULATOR2_FALSE=''
HAVE_RAMULATOR2_TRUE=''
HAVE_RAMULATOR_FALSE=''
HAVE_RAMULATOR_TRUE=''
HAVE_SET_PTRACER=''
HAVE_SET_PTRACER_FALSE=''
HAVE_SET_PTRACER_TRUE=''
HAVE_SHM_FALSE=''
HAVE_SHM_TRUE=''
HBMDRAMSIM_CPPFLAGS=''
HBMDRAMSIM_LDFLAGS=''
HBMDRAMSIM_LIB=''
HBMDRAMSIM_LIBDIR=''
HYBRIDSIM_CPPFLAGS=''
HYBRIDSIM_LDFLAGS=''
HYBRIDSIM_LIB=''
HYBRIDSIM_LIBDIR=''
INCLTDL=''
INSTALL_DATA='${INSTALL} -m 644'
INSTALL_LTDL_FALSE=''
INSTALL_LTDL_TRUE='#'
INSTALL_PROGRAM='${INSTALL}'
INSTALL_SCRIPT='${INSTALL}'
INSTALL_STRIP_PROGRAM='$(install_sh) -c -s'
LD='/usr/bin/ld -m elf_x86_64'
LDFLAGS=''
LIBADD_DL=' '
LIBADD_DLD_LINK=''
LIBADD_DLOPEN=''
LIBADD_SHL_LOAD=''
LIBLTDL='-lltdl'
LIBOBJS=''
LIBS=''
LIBTOOL='$(SHELL) $(top_builddir)/libtool'
LIBZ_CPPFLAGS=''
LIBZ_LDFLAGS=''
LIBZ_LIB=''
LIPO=''
LN_S='ln -s'
LTDLDEPS=''
LTDLINCL=''
LTDLOPEN='libltdl'
LTLIBOBJS=''
LT_ARGZ_H=''
LT_CONFIG_H=''
LT_DLLOADERS=' dlopen.la'
LT_DLPREOPEN='-dlpreopen dlopen.la '
LT_SYS_LIBRARY_PATH=''
MAKEINFO='${SHELL} '\''/home/gera/torus-allreduce/scratch/src/sst-elements/config/missing'\'' makeinfo'
MANIFEST_TOOL=':'
MKDIR_P='/usr/bin/mkdir -p'
MPICC='mpicc'
MPICPP=''
MPICXX='mpicxx'
MPICXXCPP=''
MPILIBS=''
MPI_CPPFLAGS=''
NM='/usr/bin/nm -B'
NMEDIT=''
NUMPY_CPPFLAGS=''
NVDIMMSIM_CPPFLAGS=''
NVDIMMSIM_CXXFLAGS=''
NVDIMMSIM_LDFLAGS=''
NVDIMMSIM_LIB=''
NVDIMMSIM_LIBDIR=''
OBJDUMP='objdump'
OBJEXT='o'
OTF2_CONFIG_TOOL=''
OTF2_CPPFLAGS=''
OTF2_LDFLAGS=''
OTF2_PATH=''
OTF_CONFIG_TOOL=''
OTF_CPPFLAGS=''
OTF_LDFLAGS=''
OTF_PATH=''
OTOOL64=''
OTOOL=''
PACKAGE='sst-elements-library'
PACKAGE_BUGREPORT='sst@sandia.gov'
PACKAGE_NAME='SST Elements Library'
PACKAGE_STRING='SST Elements Library 15.0.0'
PACKAGE_TARNAME='sst-elements-library'
PACKAGE_URL=''
PACKAGE_VERSION='15.0.0'
PATH_SEPARATOR=':'
PINTOOL2_RUNTIME=''
PINTOOL3_RUNTIME=''
PINTOOL_CPPFLAGS=''
PINTOOL_DIR=''
PINTOOL_LDFLAGS=''
PINTOOL_PATH=''
PINTOOL_RUNTIME=''
PIN_CPPFLAGS=''
PIN_CPPFLAGS_COMPILER=''
RAMULATOR2_CPPFLAGS=''
RAMULATOR2_LDFLAGS=''
RAMULATOR2_LIB=''
RAMULATOR2_LIBDIR=''
RAMULATOR_CPPFLAGS=''
RAMULATOR_LDFLAGS=''
RAMULATOR_LIB=''
RAMULATOR_LIBDIR=''
RANLIB='ranlib'
SED='/usr/bin/sed'
SET_MAKE=''
SHELL='/bin/bash'
SHM_LIB=''
SSTELEMENTS_GIT_BRANCH=''
SSTELEMENTS_GIT_COMMITCOUNT=''
SSTELEMENTS_GIT_HEADSHA=''
SST_ACTIVE_ELEMENT_LIBRARIES=''
SST_COMPILE_OSX_FALSE=''
SST_COMPILE_OSX_TRUE=''
SST_CONFIG_TOOL=''
SST_DIST_ELEMENT_LIBRARIES=''
SST_ENABLE_PREVIEW_BUILD_FALSE=''
SST_ENABLE_PREVIEW_BUILD_TRUE=''
SST_HG_A64_FALSE=''
SST_HG_A64_TRUE=''
SST_HG_X86_FALSE=''
SST_HG_X86_TRUE=''
SST_PREFIX=''
SST_REGISTER_TOOL=''
SST_SNIPPETS_TOOL=''
SST_USE_ARIEL_MPI_FALSE=''
SST_USE_ARIEL_MPI_TRUE='#'
STAKE_CPPFLAGS=''
STAKE_LDFLAGS=''
STAKE_LIB=''
STAKE_LIBDIR=''
STRIP='strip'
USE_CUDA_FALSE=''
USE_CUDA_TRUE=''
USE_DUMPI_FALSE=''
USE_DUMPI_TRUE=''
USE_EMBER_CONTEXTS_FALSE=''
USE_EMBER_CONTEXTS_TRUE=''
USE_GOBLIN_HMCSIM_FALSE=''
USE_GOBLIN_HMCSIM_TRUE=''
USE_LIBZ_FALSE=''
USE_LIBZ_TRUE=''
USE_OTF2_FALSE=''
USE_OTF2_TRUE=''
USE_OTF_FALSE=''
USE_OTF_TRUE=''
USE_STAKE_FALSE=''
USE_STAKE_TRUE=''
VERSION='15.0.0'
ac_ct_AR='ar'
ac_ct_CC='gcc'
ac_ct_CXX='g++'
ac_ct_DUMPBIN=''
am__EXEEXT_FALSE=''
am__EXEEXT_TRUE=''
am__fastdepCCAS_FALSE='#'
am__fastdepCCAS_TRUE=''
am__fastdepCC_FALSE='#'
am__fastdepCC_TRUE=''
am__fastdepCXX_FALSE='#'
am__fastdepCXX_TRUE=''
am__include='include'
am__isrc=''
am__leading_dot='.'
am__nodep='_no'
am__quote=''
am__rm_f_notfound=''
am__tar='tar --format=posix -chf - "$$tardir"'
am__untar='tar -xf -'
am__xargs_n='xargs -n'
bindir='${exec_prefix}/bin'
build='x86_64-pc-linux-gnu'
build_alias=''
build_cpu='x86_64'
build_os='linux-gnu'
build_vendor='pc'
datadir='${datarootdir}'
datarootdir='${prefix}/share'
docdir='${datarootdir}/doc/${PACKAGE_TARNAME}'
dvidir='${docdir}'
exec_prefix='NONE'
host='x86_64-pc-linux-gnu'
host_alias=''
host_cpu='x86_64'
host_os='linux-gnu'
host_vendor='pc'
htmldir='${docdir}'
includedir='${prefix}/include'
infodir='${datarootdir}/info'
install_sh='${SHELL} /home/gera/torus-allreduce/scratch/src/sst-elements/config/install-sh'
libdir='${exec_prefix}/lib'
libexecdir='${exec_prefix}/libexec'
localedir='${datarootdir}/locale'
localstatedir='${prefix}/var'
ltdl_LIBOBJS=''
ltdl_LTLIBOBJS=''
mandir='${datarootdir}/man'
mkdir_p='$(MKDIR_P)'
oldincludedir='/usr/include'
pdfdir='${docdir}'
prefix='/home/gera/torus-allreduce/local/sstelements-15.0.0'
program_transform_name='s,x,x,'
psdir='${docdir}'
runstatedir='${localstatedir}/run'
sbindir='${exec_prefix}/sbin'
sharedstatedir='${prefix}/com'
sst_check_numpy_happy=''
sys_symbol_underscore='no'
sysconfdir='${prefix}/etc'
target_alias=''

## ----------- ##
## confdefs.h. ##
## ----------- ##

/* confdefs.h */
#define PACKAGE_NAME "SST Elements Library"
#define PACKAGE_TARNAME "sst-elements-library"
#define PACKAGE_VERSION "15.0.0"
#define PACKAGE_STRING "SST Elements Library 15.0.0"
#define PACKAGE_BUGREPORT "sst@sandia.gov"
#define PACKAGE_URL ""
#define HAVE_STDIO_H 1
#define HAVE_STDLIB_H 1
#define HAVE_STRING_H 1
#define HAVE_INTTYPES_H 1
#define HAVE_STDINT_H 1
#define HAVE_STRINGS_H 1
#define HAVE_SYS_STAT_H 1
#define HAVE_SYS_TYPES_H 1
#define HAVE_UNISTD_H 1
#define STDC_HEADERS 1
#define HAVE_DLFCN_H 1
#define LT_OBJDIR ".libs/"
#define LT_MODULE_EXT ".so"
#define LT_MODULE_PATH_VAR "LD_LIBRARY_PATH"
#define LT_DLSEARCH_PATH "/lib:/usr/lib:/usr/local/cuda/targets/x86_64-linux/lib:/usr/local/cuda-12/targets/x86_64-linux/lib:/usr/lib/x86_64-linux-gnu/libfakeroot:/usr/local/cuda-12.3/targets/x86_64-linux/lib:/usr/local/lib/i386-linux-gnu:/lib/i386-linux-gnu:/usr/lib/i386-linux-gnu:/usr/local/lib/i686-linux-gnu:/lib/i686-linux-gnu:/usr/lib/i686-linux-gnu:/usr/local/lib:/usr/local/lib/x86_64-linux-gnu:/lib/x86_64-linux-gnu:/usr/lib/x86_64-linux-gnu:/lib32:/usr/lib32"
#define HAVE_LIBDL 1
#define HAVE_DLERROR 1
#define HAVE_LIBDLLOADER 1
#define HAVE_ARGZ_H 1
#define HAVE_ERROR_T 1
#define HAVE_ARGZ_ADD 1
#define HAVE_ARGZ_APPEND 1
#define HAVE_ARGZ_COUNT 1
#define HAVE_ARGZ_CREATE_SEP 1
#define HAVE_ARGZ_INSERT 1
#define HAVE_ARGZ_NEXT 1
#define HAVE_ARGZ_STRINGIFY 1
#define HAVE_WORKING_ARGZ 1
#define HAVE_PRELOADED_SYMBOLS 1
#define HAVE_LTDL 1
#define HAVE_UNISTD_H 1
#define HAVE_DIRENT_H 1
#define HAVE_CLOSEDIR 1
#define HAVE_OPENDIR 1
#define HAVE_READDIR 1
#define LT_LIBEXT "a"
#define LT_LIBPREFIX "lib"

configure: exit 1
