This file contains any messages produced by compilers while
running configure, to aid debugging if configure makes a mistake.

It was created by SSTCore configure 15.0.0, which was
generated by GNU Autoconf 2.72.  Invocation command line was

  $ ./configure --prefix=/home/gera/torus-allreduce/local/sstcore-15.0.0 'CFLAGS=-g3 -O0 -fno-omit-frame-pointer' 'CXXFLAGS=-g3 -O0 -fno-omit-frame-pointer' MPICC=mpicc MPICXX=mpicxx --no-create --no-recursion

## --------- ##
## Platform. ##
## --------- ##

hostname = labmmo-server
uname -m = x86_64
uname -r = 6.2.0-37-generic
uname -s = Linux
uname -v = #38~22.04.1-Ubuntu SMP PREEMPT_DYNAMIC Thu Nov  2 18:01:13 UTC 2

/usr/bin/uname -p = x86_64
/bin/uname -X     = unknown

/bin/arch              = x86_64
/usr/bin/arch -k       = unknown
/usr/convex/getsysinfo = unknown
/usr/bin/hostinfo      = unknown
/bin/machine           = unknown
/usr/bin/oslevel       = unknown
/bin/universe          = unknown

PATH: /home/gera/torus-allreduce/local/packages/OpenMPI-4.1.6/bin/
PATH: /home/gera/torus-allreduce/local/sstelements-15.0.0/bin/
PATH: /home/gera/torus-allreduce/local/sstcore-15.0.0/bin/
PATH: /home/gera/torus-allreduce/local/packages/OpenMPI-4.1.6/bin/
PATH: /home/gera/.cursor-server/bin/2d3ce3499c15efd55b6b8538ea255eb7ba4266b0/bin/remote-cli/
PATH: /home/gera/.local/bin/
PATH: /home/gera/.cursor-server/bin/2d3ce3499c15efd55b6b8538ea255eb7ba4266b0/bin/remote-cli/
PATH: /home/gera/.local/bin/
PATH: /usr/local/sbin/
PATH: /usr/local/bin/
PATH: /usr/sbin/
PATH: /usr/bin/
PATH: /sbin/
PATH: /bin/
PATH: /usr/games/
PATH: /usr/local/games/
PATH: /snap/bin/
PATH: /usr/local/go/bin/
PATH: /usr/local/go/bin/
PATH: /home/gera/.cursor-server/extensions/ms-python.debugpy-2025.14.1-linux-x64/bundled/scripts/noConfigScripts/


## ----------- ##
## Core tests. ##
## ----------- ##

configure:2989: looking for aux files: ltmain.sh config.guess config.sub compile missing install-sh
configure:3002:  trying ./config/
configure:3031:   ./config/ltmain.sh found
configure:3031:   ./config/config.guess found
configure:3031:   ./config/config.sub found
configure:3031:   ./config/compile found
configure:3031:   ./config/missing found
configure:3013:   ./config/install-sh found
configure:3168: checking for a BSD-compatible install
configure:3242: result: /usr/bin/install -c
configure:3253: checking whether sleep supports fractional seconds
configure:3269: result: yes
configure:3272: checking filesystem timestamp resolution
configure:3407: result: 0.01
configure:3412: checking whether build environment is sane
configure:3453: result: yes
configure:3624: checking for a race-free mkdir -p
configure:3667: result: /usr/bin/mkdir -p
configure:3674: checking for gawk
configure:3710: result: no
configure:3674: checking for mawk
configure:3695: found /usr/bin/mawk
configure:3707: result: mawk
configure:3718: checking whether make sets $(MAKE)
configure:3742: result: yes
configure:3768: checking whether make supports nested variables
configure:3787: result: yes
configure:3801: checking xargs -n works
configure:3817: result: yes
configure:3887: checking how to create a pax tar archive
configure:3898: tar --version
tar (GNU tar) 1.34
Copyright (C) 2021 Free Software Foundation, Inc.
License GPLv3+: GNU GPL version 3 or later <https://gnu.org/licenses/gpl.html>.
This is free software: you are free to change and redistribute it.
There is NO WARRANTY, to the extent permitted by law.

Written by John Gilmore and Jay Fenlason.
configure:3901: $? = 0
configure:3941: tardir=conftest.dir && eval tar --format=posix -chf - "$tardir" >conftest.tar
configure:3944: $? = 0
configure:3948: tar -xf - <conftest.tar
configure:3951: $? = 0
configure:3953: cat conftest.dir/file
GrepMe
configure:3956: $? = 0
configure:3971: result: gnutar
configure:4072: checking for gcc
configure:4093: found /usr/bin/gcc
configure:4105: result: gcc
configure:4464: checking for C compiler version
configure:4473: gcc --version >&5
gcc (Ubuntu 11.4.0-1ubuntu1~22.04) 11.4.0
Copyright (C) 2021 Free Software Foundation, Inc.
This is free software; see the source for copying conditions.  There is NO
warranty; not even for MERCHANTABILITY or FITNESS FOR A PARTICULAR PURPOSE.

configure:4484: $? = 0
configure:4473: gcc -v >&5
Using built-in specs.
COLLECT_GCC=gcc
COLLECT_LTO_WRAPPER=/usr/lib/gcc/x86_64-linux-gnu/11/lto-wrapper
OFFLOAD_TARGET_NAMES=nvptx-none:amdgcn-amdhsa
OFFLOAD_TARGET_DEFAULT=1
Target: x86_64-linux-gnu
Configured with: ../src/configure -v --with-pkgversion='Ubuntu 11.4.0-1ubuntu1~22.04' --with-bugurl=file:///usr/share/doc/gcc-11/README.Bugs --enable-languages=c,ada,c++,go,brig,d,fortran,objc,obj-c++,m2 --prefix=/usr --with-gcc-major-version-only --program-suffix=-11 --program-prefix=x86_64-linux-gnu- --enable-shared --enable-linker-build-id --libexecdir=/usr/lib --without-included-gettext --enable-threads=posix --libdir=/usr/lib --enable-nls --enable-bootstrap --enable-clocale=gnu --enable-libstdcxx-debug --enable-libstdcxx-time=yes --with-default-libstdcxx-abi=new --enable-gnu-unique-object --disable-vtable-verify --enable-plugin --enable-default-pie --with-system-zlib --enable-libphobos-checking=release --with-target-system-zlib=auto --enable-objc-gc=auto --enable-multiarch --disable-werror --enable-cet --with-arch-32=i686 --with-abi=m64 --with-multilib-list=m32,m64,mx32 --enable-multilib --with-tune=generic --enable-offload-targets=nvptx-none=/build/gcc-11-XeT9lY/gcc-11-11.4.0/debian/tmp-nvptx/usr,amdgcn-amdhsa=/build/gcc-11-XeT9lY/gcc-11-11.4.0/debian/tmp-gcn/usr --without-cuda-driver --enable-checking=release --build=x86_64-linux-gnu --host=x86_64-linux-gnu --target=x86_64-linux-gnu --with-build-config=bootstrap-lto-lean --enable-link-serialization=2
Thread model: posix
Supported LTO compression algorithms: zlib zstd
gcc version 11.4.0 (Ubuntu 11.4.0-1ubuntu1~22.04) 
... rest of stderr output deleted ...
configure:4484: $? = 0
configure:4473: gcc -V >&5
gcc: error: unrecognized command-line option '-V'
gcc: fatal error: no input files
compilation terminated.
configure:4484: $? = 1
configure:4473: gcc -qversion >&5
gcc: error: unrecognized command-line option '-qversion'; did you mean '--version'?
gcc: fatal error: no input files
compilation terminated.
configure:4484: $? = 1
configure:4473: gcc -version >&5
gcc: error: unrecognized command-line option '-version'
gcc: fatal error: no input files
compilation terminated.
configure:4484: $? = 1
configure:4504: checking whether the C compiler works
configure:4526: gcc -g3 -O0 -fno-omit-frame-pointer   conftest.c  >&5
configure:4530: $? = 0
configure:4581: result: yes
configure:4585: checking for C compiler default output file name
configure:4587: result: a.out
configure:4593: checking for suffix of executables
configure:4600: gcc -o conftest -g3 -O0 -fno-omit-frame-pointer   conftest.c  >&5
configure:4604: $? = 0
configure:4628: result: 
configure:4652: checking whether we are cross compiling
configure:4660: gcc -o conftest -g3 -O0 -fno-omit-frame-pointer   conftest.c  >&5
configure:4664: $? = 0
configure:4671: ./conftest
configure:4675: $? = 0
configure:4690: result: no
configure:4696: checking for suffix of object files
configure:4719: gcc -c -g3 -O0 -fno-omit-frame-pointer  conftest.c >&5
configure:4723: $? = 0
configure:4747: result: o
configure:4751: checking whether the compiler supports GNU C
configure:4771: gcc -c -g3 -O0 -fno-omit-frame-pointer  conftest.c >&5
configure:4771: $? = 0
configure:4783: result: yes
configure:4794: checking whether gcc accepts -g
configure:4815: gcc -c -g  conftest.c >&5
configure:4815: $? = 0
configure:4862: result: yes
configure:4882: checking for gcc option to enable C11 features
configure:4897: gcc  -c -g3 -O0 -fno-omit-frame-pointer  conftest.c >&5
configure:4897: $? = 0
configure:4916: result: none needed
configure:5040: checking whether gcc understands -c and -o together
configure:5063: gcc -c conftest.c -o conftest2.o
configure:5066: $? = 0
configure:5063: gcc -c conftest.c -o conftest2.o
configure:5066: $? = 0
configure:5079: result: yes
configure:5099: checking whether make supports the include directive
configure:5114: make -f confmf.GNU && cat confinc.out
make[1]: Entering directory '/home/gera/torus-allreduce/scratch/src/sst-core'
make[1]: Leaving directory '/home/gera/torus-allreduce/scratch/src/sst-core'
this is the am__doit target
configure:5117: $? = 0
configure:5136: result: yes (GNU style)
configure:5162: checking dependency style of gcc
configure:5275: result: gcc3
configure:5293: checking for inline
configure:5310: gcc -c -g3 -O0 -fno-omit-frame-pointer  conftest.c >&5
configure:5310: $? = 0
configure:5320: result: inline
configure:5338: checking whether make sets $(MAKE)
configure:5362: result: yes
configure:5442: checking for g++
configure:5463: found /usr/bin/g++
configure:5475: result: g++
configure:5502: checking for C++ compiler version
configure:5511: g++ --version >&5
g++ (Ubuntu 11.4.0-1ubuntu1~22.04) 11.4.0
Copyright (C) 2021 Free Software Foundation, Inc.
This is free software; see the source for copying conditions.  There is NO
warranty; not even for MERCHANTABILITY or FITNESS FOR A PARTICULAR PURPOSE.

configure:5522: $? = 0
configure:5511: g++ -v >&5
Using built-in specs.
COLLECT_GCC=g++
COLLECT_LTO_WRAPPER=/usr/lib/gcc/x86_64-linux-gnu/11/lto-wrapper
OFFLOAD_TARGET_NAMES=nvptx-none:amdgcn-amdhsa
OFFLOAD_TARGET_DEFAULT=1
Target: x86_64-linux-gnu
Configured with: ../src/configure -v --with-pkgversion='Ubuntu 11.4.0-1ubuntu1~22.04' --with-bugurl=file:///usr/share/doc/gcc-11/README.Bugs --enable-languages=c,ada,c++,go,brig,d,fortran,objc,obj-c++,m2 --prefix=/usr --with-gcc-major-version-only --program-suffix=-11 --program-prefix=x86_64-linux-gnu- --enable-shared --enable-linker-build-id --libexecdir=/usr/lib --without-included-gettext --enable-threads=posix --libdir=/usr/lib --enable-nls --enable-bootstrap --enable-clocale=gnu --enable-libstdcxx-debug --enable-libstdcxx-time=yes --with-default-libstdcxx-abi=new --enable-gnu-unique-object --disable-vtable-verify --enable-plugin --enable-default-pie --with-system-zlib --enable-libphobos-checking=release --with-target-system-zlib=auto --enable-objc-gc=auto --enable-multiarch --disable-werror --enable-cet --with-arch-32=i686 --with-abi=m64 --with-multilib-list=m32,m64,mx32 --enable-multilib --with-tune=generic --enable-offload-targets=nvptx-none=/build/gcc-11-XeT9lY/gcc-11-11.4.0/debian/tmp-nvptx/usr,amdgcn-amdhsa=/build/gcc-11-XeT9lY/gcc-11-11.4.0/debian/tmp-gcn/usr --without-cuda-driver --enable-checking=release --build=x86_64-linux-gnu --host=x86_64-linux-gnu --target=x86_64-linux-gnu --with-build-config=bootstrap-lto-lean --enable-link-serialization=2
Thread model: posix
Supported LTO compression algorithms: zlib zstd
gcc version 11.4.0 (Ubuntu 11.4.0-1ubuntu1~22.04) 
... rest of stderr output deleted ...
configure:5522: $? = 0
configure:5511: g++ -V >&5
g++: error: unrecognized command-line option '-V'
g++: fatal error: no input files
compilation terminated.
configure:5522: $? = 1
configure:5511: g++ -qversion >&5
g++: error: unrecognized command-line option '-qversion'; did you mean '--version'?
g++: fatal error: no input files
compilation terminated.
configure:5522: $? = 1
configure:5526: checking whether the compiler supports GNU C++
configure:5546: g++ -c -g3 -O0 -fno-omit-frame-pointer  conftest.cpp >&5
configure:5546: $? = 0
configure:5558: result: yes
configure:5569: checking whether g++ accepts -g
configure:5590: g++ -c -g  conftest.cpp >&5
configure:5590: $? = 0
configure:5637: result: yes
configure:5657: checking for g++ option to enable C++11 features
configure:5672: g++  -c -g3 -O0 -fno-omit-frame-pointer  conftest.cpp >&5
conftest.cpp: In function 'int main(int, char**)':
conftest.cpp:175:25: warning: empty parentheses were disambiguated as a function declaration [-Wvexing-parse]
  175 |   cxx11test::delegate d2();
      |                         ^~
conftest.cpp:175:25: note: remove parentheses to default-initialize a variable
  175 |   cxx11test::delegate d2();
      |                         ^~
      |                         --
conftest.cpp:175:25: note: or replace parentheses with braces to value-initialize a variable
configure:5672: $? = 0
configure:5691: result: none needed
configure:5762: checking dependency style of g++
configure:5875: result: gcc3
configure:5973: checking how to run the C preprocessor
configure:5999: gcc -E  conftest.c
configure:5999: $? = 0
configure:6015: gcc -E  conftest.c
conftest.c:9:10: fatal error: ac_nonexistent.h: No such file or directory
    9 | #include <ac_nonexistent.h>
      |          ^~~~~~~~~~~~~~~~~~
compilation terminated.
configure:6015: $? = 1
configure: failed program was:
| /* confdefs.h */
| #define PACKAGE_NAME "SSTCore"
| #define PACKAGE_TARNAME "sstcore"
| #define PACKAGE_VERSION "15.0.0"
| #define PACKAGE_STRING "SSTCore 15.0.0"
| #define PACKAGE_BUGREPORT "wg-sst@sandia.gov"
| #define PACKAGE_URL ""
| /* end confdefs.h.  */
| #include <ac_nonexistent.h>
configure:6044: result: gcc -E
configure:6058: gcc -E  conftest.c
configure:6058: $? = 0
configure:6074: gcc -E  conftest.c
conftest.c:9:10: fatal error: ac_nonexistent.h: No such file or directory
    9 | #include <ac_nonexistent.h>
      |          ^~~~~~~~~~~~~~~~~~
compilation terminated.
configure:6074: $? = 1
configure: failed program was:
| /* confdefs.h */
| #define PACKAGE_NAME "SSTCore"
| #define PACKAGE_TARNAME "sstcore"
| #define PACKAGE_VERSION "15.0.0"
| #define PACKAGE_STRING "SSTCore 15.0.0"
| #define PACKAGE_BUGREPORT "wg-sst@sandia.gov"
| #define PACKAGE_URL ""
| /* end confdefs.h.  */
| #include <ac_nonexistent.h>
configure:6112: checking build system type
configure:6128: result: x86_64-pc-linux-gnu
configure:6148: checking host system type
configure:6163: result: x86_64-pc-linux-gnu
configure:6309: checking how to print strings
configure:6336: result: printf
configure:6357: checking for a sed that does not truncate output
configure:6429: result: /usr/bin/sed
configure:6447: checking for grep that handles long lines and -e
configure:6513: result: /usr/bin/grep
configure:6518: checking for egrep
configure:6588: result: /usr/bin/grep -E
configure:6595: checking for fgrep
configure:6665: result: /usr/bin/grep -F
configure:6702: checking for ld used by gcc
configure:6771: result: /usr/bin/ld
configure:6778: checking if the linker (/usr/bin/ld) is GNU ld
configure:6795: result: yes
configure:6807: checking for BSD- or MS-compatible name lister (nm)
configure:6863: result: /usr/bin/nm -B
configure:7005: checking the name lister (/usr/bin/nm -B) interface
configure:7013: gcc -c -g3 -O0 -fno-omit-frame-pointer  conftest.c >&5
configure:7016: /usr/bin/nm -B "conftest.o"
configure:7019: output
0000000000000000 B some_variable
0000000000000000 n wm4.0.3b9ef5c4ac77985394dd1c2bc5ebbebd
0000000000000000 n wm4.stdcpredef.h.19.88fdbfd5cf6f83ed579effc3e425f09b
configure:7027: result: BSD nm
configure:7030: checking whether ln -s works
configure:7034: result: yes
configure:7042: checking the maximum length of command line arguments
configure:7175: result: 1572864
configure:7223: checking how to convert x86_64-pc-linux-gnu file names to x86_64-pc-linux-gnu format
configure:7265: result: func_convert_file_noop
configure:7272: checking how to convert x86_64-pc-linux-gnu file names to toolchain format
configure:7294: result: func_convert_file_noop
configure:7301: checking for /usr/bin/ld option to reload object files
configure:7310: result: -r
configure:7343: checking for file
configure:7364: found /usr/bin/file
configure:7377: result: file
configure:7440: checking for objdump
configure:7461: found /usr/bin/objdump
configure:7473: result: objdump
configure:7505: checking how to recognize dependent libraries
configure:7714: result: pass_all
configure:7805: checking for dlltool
configure:7841: result: no
configure:7871: checking how to associate runtime and link libraries
configure:7900: result: printf %s\n
configure:7960: checking for ranlib
configure:7981: found /usr/bin/ranlib
configure:7993: result: ranlib
configure:8070: checking for ar
configure:8091: found /usr/bin/ar
configure:8103: result: ar
configure:8156: checking for archiver @FILE support
configure:8174: gcc -c -g3 -O0 -fno-omit-frame-pointer  conftest.c >&5
configure:8174: $? = 0
configure:8178: ar cr libconftest.a @conftest.lst >&5
configure:8181: $? = 0
configure:8186: ar cr libconftest.a @conftest.lst >&5
ar: conftest.o: No such file or directory
configure:8189: $? = 1
configure:8202: result: @
configure:8266: checking for strip
configure:8287: found /usr/bin/strip
configure:8299: result: strip
configure:8402: checking command to parse /usr/bin/nm -B output from gcc object
configure:8556: gcc -c -g3 -O0 -fno-omit-frame-pointer  conftest.c >&5
configure:8559: $? = 0
configure:8563: /usr/bin/nm -B conftest.o | /usr/bin/sed -n -e 's/^.*[	 ]\([ABCDGIRSTW][ABCDGIRSTW]*\)[	 ][	 ]*\([_A-Za-z][_A-Za-z0-9]*\)$/\1 \2 \2/p' | /usr/bin/sed '/ __gnu_lto/d' > conftest.nm
configure:8629: gcc -o conftest -g3 -O0 -fno-omit-frame-pointer   conftest.c conftstm.o >&5
configure:8632: $? = 0
configure:8671: result: ok
configure:8718: checking for sysroot
configure:8752: result: no
configure:8759: checking for a working dd
configure:8804: result: /usr/bin/dd
configure:8808: checking how to truncate binary pipes
configure:8825: result: /usr/bin/dd bs=4096 count=1
configure:8962: gcc -c -g3 -O0 -fno-omit-frame-pointer  conftest.c >&5
configure:8965: $? = 0
configure:9165: checking for mt
configure:9186: found /usr/bin/mt
configure:9198: result: mt
configure:9221: checking if mt is a manifest tool
configure:9228: mt '-?'
configure:9237: result: no
configure:10034: checking for stdio.h
configure:10034: gcc -c -g3 -O0 -fno-omit-frame-pointer  conftest.c >&5
configure:10034: $? = 0
configure:10034: result: yes
configure:10034: checking for stdlib.h
configure:10034: gcc -c -g3 -O0 -fno-omit-frame-pointer  conftest.c >&5
configure:10034: $? = 0
configure:10034: result: yes
configure:10034: checking for string.h
configure:10034: gcc -c -g3 -O0 -fno-omit-frame-pointer  conftest.c >&5
configure:10034: $? = 0
configure:10034: result: yes
configure:10034: checking for inttypes.h
configure:10034: gcc -c -g3 -O0 -fno-omit-frame-pointer  conftest.c >&5
configure:10034: $? = 0
configure:10034: result: yes
configure:10034: checking for stdint.h
configure:10034: gcc -c -g3 -O0 -fno-omit-frame-pointer  conftest.c >&5
configure:10034: $? = 0
configure:10034: result: yes
configure:10034: checking for strings.h
configure:10034: gcc -c -g3 -O0 -fno-omit-frame-pointer  conftest.c >&5
configure:10034: $? = 0
configure:10034: result: yes
configure:10034: checking for sys/stat.h
configure:10034: gcc -c -g3 -O0 -fno-omit-frame-pointer  conftest.c >&5
configure:10034: $? = 0
configure:10034: result: yes
configure:10034: checking for sys/types.h
configure:10034: gcc -c -g3 -O0 -fno-omit-frame-pointer  conftest.c >&5
configure:10034: $? = 0
configure:10034: result: yes
configure:10034: checking for unistd.h
configure:10034: gcc -c -g3 -O0 -fno-omit-frame-pointer  conftest.c >&5
configure:10034: $? = 0
configure:10034: result: yes
configure:10059: checking for dlfcn.h
configure:10059: gcc -c -g3 -O0 -fno-omit-frame-pointer  conftest.c >&5
configure:10059: $? = 0
configure:10059: result: yes
configure:10370: checking for objdir
configure:10387: result: .libs
configure:10653: checking if gcc supports -fno-rtti -fno-exceptions
configure:10672: gcc -c -g3 -O0 -fno-omit-frame-pointer  -fno-rtti -fno-exceptions conftest.c >&5
cc1: warning: command-line option '-fno-rtti' is valid for C++/D/ObjC++ but not for C
configure:10676: $? = 0
configure:10690: result: no
configure:11069: checking for gcc option to produce PIC
configure:11078: result: -fPIC -DPIC
configure:11086: checking if gcc PIC flag -fPIC -DPIC works
configure:11105: gcc -c -g3 -O0 -fno-omit-frame-pointer  -fPIC -DPIC -DPIC conftest.c >&5
configure:11109: $? = 0
configure:11123: result: yes
configure:11152: checking if gcc static flag -static works
configure:11182: result: yes
configure:11197: checking if gcc supports -c -o file.o
configure:11219: gcc -c -g3 -O0 -fno-omit-frame-pointer  -o out/conftest2.o conftest.c >&5
configure:11223: $? = 0
configure:11246: result: yes
configure:11254: checking if gcc supports -c -o file.o
configure:11303: result: yes
configure:11336: checking whether the gcc linker (/usr/bin/ld -m elf_x86_64) supports shared libraries
configure:12624: result: yes
configure:12661: checking whether -lc should be explicitly linked in
configure:12670: gcc -c -g3 -O0 -fno-omit-frame-pointer  conftest.c >&5
configure:12673: $? = 0
configure:12688: gcc -shared  -fPIC -DPIC conftest.o  -v -Wl,-soname -Wl,conftest -o conftest 2\>\&1 \| /usr/bin/grep  -lc  \>/dev/null 2\>\&1
configure:12691: $? = 0
configure:12706: result: no
configure:12866: checking dynamic linker characteristics
configure:13485: gcc -o conftest -g3 -O0 -fno-omit-frame-pointer   -Wl,-rpath -Wl,/foo conftest.c  >&5
configure:13485: $? = 0
configure:14268: result: GNU/Linux ld.so
configure:14390: checking how to hardcode library paths into programs
configure:14415: result: immediate
configure:14526: checking for shl_load
configure:14526: gcc -o conftest -g3 -O0 -fno-omit-frame-pointer   conftest.c  >&5
/usr/bin/ld: /tmp/ccpmA6bL.o: in function `main':
/home/gera/torus-allreduce/scratch/src/sst-core/conftest.c:48: undefined reference to `shl_load'
collect2: error: ld returned 1 exit status
configure:14526: $? = 1
configure: failed program was:
| /* confdefs.h */
| #define PACKAGE_NAME "SSTCore"
| #define PACKAGE_TARNAME "sstcore"
| #define PACKAGE_VERSION "15.0.0"
| #define PACKAGE_STRING "SSTCore 15.0.0"
| #define PACKAGE_BUGREPORT "wg-sst@sandia.gov"
| #define PACKAGE_URL ""
| #define HAVE_STDIO_H 1
| #define HAVE_STDLIB_H 1
| #define HAVE_STRING_H 1
| #define HAVE_INTTYPES_H 1
| #define HAVE_STDINT_H 1
| #define HAVE_STRINGS_H 1
| #define HAVE_SYS_STAT_H 1
| #define HAVE_SYS_TYPES_H 1
| #define HAVE_UNISTD_H 1
| #define STDC_HEADERS 1
| #define HAVE_DLFCN_H 1
| #define LT_OBJDIR ".libs/"
| /* end confdefs.h.  */
| /* Define shl_load to an innocuous variant, in case <limits.h> declares shl_load.
|    For example, HP-UX 11i <limits.h> declares gettimeofday.  */
| #define shl_load innocuous_shl_load
| 
| /* System header to define __stub macros and hopefully few prototypes,
|    which can conflict with char shl_load (void); below.  */
| 
| #include <limits.h>
| #undef shl_load
| 
| /* Override any GCC internal prototype to avoid an error.
|    Use char because int might match the return type of a GCC
|    builtin and then its argument prototype would still apply.  */
| #ifdef __cplusplus
| extern "C"
| #endif
| char shl_load (void);
| /* The GNU C library defines this for functions which it implements
|     to always fail with ENOSYS.  Some functions are actually named
|     something starting with __ and the normal name is an alias.  */
| #if defined __stub_shl_load || defined __stub___shl_load
| choke me
| #endif
| 
| int
| main (void)
| {
| return shl_load ();
|   ;
|   return 0;
| }
configure:14526: result: no
configure:14531: checking for shl_load in -ldld
configure:14560: gcc -o conftest -g3 -O0 -fno-omit-frame-pointer   conftest.c -ldld   >&5
/usr/bin/ld: cannot find -ldld: No such file or directory
collect2: error: ld returned 1 exit status
configure:14560: $? = 1
configure: failed program was:
| /* confdefs.h */
| #define PACKAGE_NAME "SSTCore"
| #define PACKAGE_TARNAME "sstcore"
| #define PACKAGE_VERSION "15.0.0"
| #define PACKAGE_STRING "SSTCore 15.0.0"
| #define PACKAGE_BUGREPORT "wg-sst@sandia.gov"
| #define PACKAGE_URL ""
| #define HAVE_STDIO_H 1
| #define HAVE_STDLIB_H 1
| #define HAVE_STRING_H 1
| #define HAVE_INTTYPES_H 1
| #define HAVE_STDINT_H 1
| #define HAVE_STRINGS_H 1
| #define HAVE_SYS_STAT_H 1
| #define HAVE_SYS_TYPES_H 1
| #define HAVE_UNISTD_H 1
| #define STDC_HEADERS 1
| #define HAVE_DLFCN_H 1
| #define LT_OBJDIR ".libs/"
| /* end confdefs.h.  */
| 
| /* Override any GCC internal prototype to avoid an error.
|    Use char because int might match the return type of a GCC
|    builtin and then its argument prototype would still apply.
|    The 'extern "C"' is for builds by C++ compilers;
|    although this is not generally supported in C code supporting it here
|    has little cost and some practical benefit (sr 110532).  */
| #ifdef __cplusplus
| extern "C"
| #endif
| char shl_load (void);
| int
| main (void)
| {
| return shl_load ();
|   ;
|   return 0;
| }
configure:14572: result: no
configure:14578: checking for dlopen
configure:14578: gcc -o conftest -g3 -O0 -fno-omit-frame-pointer   conftest.c  >&5
configure:14578: $? = 0
configure:14578: result: yes
configure:14765: checking whether a program can dlopen itself
configure:14846: gcc -o conftest -g3 -O0 -fno-omit-frame-pointer  -DHAVE_DLFCN_H  -Wl,--export-dynamic conftest.c   >&5
configure:14849: $? = 0
configure:14868: result: yes
configure:14873: checking whether a statically linked program can dlopen itself
configure:14954: gcc -o conftest -g3 -O0 -fno-omit-frame-pointer  -DHAVE_DLFCN_H  -Wl,--export-dynamic -static conftest.c   >&5
/usr/bin/ld: /tmp/cc4w6FEB.o: in function `main':
/home/gera/torus-allreduce/scratch/src/sst-core/configure:14933: warning: Using 'dlopen' in statically linked applications requires at runtime the shared libraries from the glibc version used for linking
configure:14957: $? = 0
conftest: undefined symbol: _fnord
configure:14976: result: no
configure:15015: checking whether stripping libraries is possible
configure:15024: result: yes
configure:15066: checking if libtool supports shared libraries
configure:15068: result: yes
configure:15071: checking whether to build shared libraries
configure:15096: result: yes
configure:15099: checking whether to build static libraries
configure:15103: result: no
configure:15126: checking how to run the C++ preprocessor
configure:15148: g++ -E  conftest.cpp
configure:15148: $? = 0
configure:15164: g++ -E  conftest.cpp
conftest.cpp:21:10: fatal error: ac_nonexistent.h: No such file or directory
   21 | #include <ac_nonexistent.h>
      |          ^~~~~~~~~~~~~~~~~~
compilation terminated.
configure:15164: $? = 1
configure: failed program was:
| /* confdefs.h */
| #define PACKAGE_NAME "SSTCore"
| #define PACKAGE_TARNAME "sstcore"
| #define PACKAGE_VERSION "15.0.0"
| #define PACKAGE_STRING "SSTCore 15.0.0"
| #define PACKAGE_BUGREPORT "wg-sst@sandia.gov"
| #define PACKAGE_URL ""
| #define HAVE_STDIO_H 1
| #define HAVE_STDLIB_H 1
| #define HAVE_STRING_H 1
| #define HAVE_INTTYPES_H 1
| #define HAVE_STDINT_H 1
| #define HAVE_STRINGS_H 1
| #define HAVE_SYS_STAT_H 1
| #define HAVE_SYS_TYPES_H 1
| #define HAVE_UNISTD_H 1
| #define STDC_HEADERS 1
| #define HAVE_DLFCN_H 1
| #define LT_OBJDIR ".libs/"
| /* end confdefs.h.  */
| #include <ac_nonexistent.h>
configure:15193: result: g++ -E
configure:15207: g++ -E  conftest.cpp
configure:15207: $? = 0
configure:15223: g++ -E  conftest.cpp
conftest.cpp:21:10: fatal error: ac_nonexistent.h: No such file or directory
   21 | #include <ac_nonexistent.h>
      |          ^~~~~~~~~~~~~~~~~~
compilation terminated.
configure:15223: $? = 1
configure: failed program was:
| /* confdefs.h */
| #define PACKAGE_NAME "SSTCore"
| #define PACKAGE_TARNAME "sstcore"
| #define PACKAGE_VERSION "15.0.0"
| #define PACKAGE_STRING "SSTCore 15.0.0"
| #define PACKAGE_BUGREPORT "wg-sst@sandia.gov"
| #define PACKAGE_URL ""
| #define HAVE_STDIO_H 1
| #define HAVE_STDLIB_H 1
| #define HAVE_STRING_H 1
| #define HAVE_INTTYPES_H 1
| #define HAVE_STDINT_H 1
| #define HAVE_STRINGS_H 1
| #define HAVE_SYS_STAT_H 1
| #define HAVE_SYS_TYPES_H 1
| #define HAVE_UNISTD_H 1
| #define STDC_HEADERS 1
| #define HAVE_DLFCN_H 1
| #define LT_OBJDIR ".libs/"
| /* end confdefs.h.  */
| #include <ac_nonexistent.h>
configure:15391: checking for ld used by g++
configure:15460: result: /usr/bin/ld -m elf_x86_64
configure:15467: checking if the linker (/usr/bin/ld -m elf_x86_64) is GNU ld
configure:15484: result: yes
configure:15538: checking whether the g++ linker (/usr/bin/ld -m elf_x86_64) supports shared libraries
configure:16626: result: yes
configure:16662: g++ -c -g3 -O0 -fno-omit-frame-pointer  conftest.cpp >&5
configure:16665: $? = 0
configure:17151: checking for g++ option to produce PIC
configure:17160: result: -fPIC -DPIC
configure:17168: checking if g++ PIC flag -fPIC -DPIC works
configure:17187: g++ -c -g3 -O0 -fno-omit-frame-pointer  -fPIC -DPIC -DPIC conftest.cpp >&5
configure:17191: $? = 0
configure:17205: result: yes
configure:17228: checking if g++ static flag -static works
configure:17258: result: yes
configure:17270: checking if g++ supports -c -o file.o
configure:17292: g++ -c -g3 -O0 -fno-omit-frame-pointer  -o out/conftest2.o conftest.cpp >&5
configure:17296: $? = 0
configure:17319: result: yes
configure:17324: checking if g++ supports -c -o file.o
configure:17373: result: yes
configure:17403: checking whether the g++ linker (/usr/bin/ld -m elf_x86_64) supports shared libraries
configure:17446: result: yes
configure:17589: checking dynamic linker characteristics
configure:18895: result: GNU/Linux ld.so
configure:18960: checking how to hardcode library paths into programs
configure:18985: result: immediate
configure:19068: checking whether g++ supports C++17 features with -std=c++17
configure:19869: g++ -std=c++17 -c -g3 -O0 -fno-omit-frame-pointer  conftest.cpp >&5
configure:19869: $? = 0
configure:19881: result: yes
configure:19936: checking for C++ compiler vendor
configure:19995: g++ -std=c++17 -c -g3 -O0 -fno-omit-frame-pointer -std=c++17  conftest.cpp >&5
conftest.cpp: In function 'int main()':
conftest.cpp:28:7: error: 'thisisanerror' was not declared in this scope
   28 |       thisisanerror;
      |       ^~~~~~~~~~~~~
configure:19995: $? = 1
configure: failed program was:
| /* confdefs.h */
| #define PACKAGE_NAME "SSTCore"
| #define PACKAGE_TARNAME "sstcore"
| #define PACKAGE_VERSION "15.0.0"
| #define PACKAGE_STRING "SSTCore 15.0.0"
| #define PACKAGE_BUGREPORT "wg-sst@sandia.gov"
| #define PACKAGE_URL ""
| #define HAVE_STDIO_H 1
| #define HAVE_STDLIB_H 1
| #define HAVE_STRING_H 1
| #define HAVE_INTTYPES_H 1
| #define HAVE_STDINT_H 1
| #define HAVE_STRINGS_H 1
| #define HAVE_SYS_STAT_H 1
| #define HAVE_SYS_TYPES_H 1
| #define HAVE_UNISTD_H 1
| #define STDC_HEADERS 1
| #define HAVE_DLFCN_H 1
| #define LT_OBJDIR ".libs/"
| #define HAVE_CXX17 1
| /* end confdefs.h.  */
| 
| int
| main (void)
| {
| 
| #if !(defined(__ICC) || defined(__ECC) || defined(__INTEL_COMPILER))
|       thisisanerror;
| #endif
| 
|   ;
|   return 0;
| }
configure:19995: g++ -std=c++17 -c -g3 -O0 -fno-omit-frame-pointer -std=c++17  conftest.cpp >&5
conftest.cpp: In function 'int main()':
conftest.cpp:28:7: error: 'thisisanerror' was not declared in this scope
   28 |       thisisanerror;
      |       ^~~~~~~~~~~~~
configure:19995: $? = 1
configure: failed program was:
| /* confdefs.h */
| #define PACKAGE_NAME "SSTCore"
| #define PACKAGE_TARNAME "sstcore"
| #define PACKAGE_VERSION "15.0.0"
| #define PACKAGE_STRING "SSTCore 15.0.0"
| #define PACKAGE_BUGREPORT "wg-sst@sandia.gov"
| #define PACKAGE_URL ""
| #define HAVE_STDIO_H 1
| #define HAVE_STDLIB_H 1
| #define HAVE_STRING_H 1
| #define HAVE_INTTYPES_H 1
| #define HAVE_STDINT_H 1
| #define HAVE_STRINGS_H 1
| #define HAVE_SYS_STAT_H 1
| #define HAVE_SYS_TYPES_H 1
| #define HAVE_UNISTD_H 1
| #define STDC_HEADERS 1
| #define HAVE_DLFCN_H 1
| #define LT_OBJDIR ".libs/"
| #define HAVE_CXX17 1
| /* end confdefs.h.  */
| 
| int
| main (void)
| {
| 
| #if !(defined(__xlc__) || defined(__xlC__) || defined(__IBMC__) || defined(__IBMCPP__) || defined(__ibmxl__))
|       thisisanerror;
| #endif
| 
|   ;
|   return 0;
| }
configure:19995: g++ -std=c++17 -c -g3 -O0 -fno-omit-frame-pointer -std=c++17  conftest.cpp >&5
conftest.cpp: In function 'int main()':
conftest.cpp:28:7: error: 'thisisanerror' was not declared in this scope
   28 |       thisisanerror;
      |       ^~~~~~~~~~~~~
configure:19995: $? = 1
configure: failed program was:
| /* confdefs.h */
| #define PACKAGE_NAME "SSTCore"
| #define PACKAGE_TARNAME "sstcore"
| #define PACKAGE_VERSION "15.0.0"
| #define PACKAGE_STRING "SSTCore 15.0.0"
| #define PACKAGE_BUGREPORT "wg-sst@sandia.gov"
| #define PACKAGE_URL ""
| #define HAVE_STDIO_H 1
| #define HAVE_STDLIB_H 1
| #define HAVE_STRING_H 1
| #define HAVE_INTTYPES_H 1
| #define HAVE_STDINT_H 1
| #define HAVE_STRINGS_H 1
| #define HAVE_SYS_STAT_H 1
| #define HAVE_SYS_TYPES_H 1
| #define HAVE_UNISTD_H 1
| #define STDC_HEADERS 1
| #define HAVE_DLFCN_H 1
| #define LT_OBJDIR ".libs/"
| #define HAVE_CXX17 1
| /* end confdefs.h.  */
| 
| int
| main (void)
| {
| 
| #if !(defined(__PATHCC__) || defined(__PATHSCALE__))
|       thisisanerror;
| #endif
| 
|   ;
|   return 0;
| }
configure:19995: g++ -std=c++17 -c -g3 -O0 -fno-omit-frame-pointer -std=c++17  conftest.cpp >&5
conftest.cpp: In function 'int main()':
conftest.cpp:28:7: error: 'thisisanerror' was not declared in this scope
   28 |       thisisanerror;
      |       ^~~~~~~~~~~~~
configure:19995: $? = 1
configure: failed program was:
| /* confdefs.h */
| #define PACKAGE_NAME "SSTCore"
| #define PACKAGE_TARNAME "sstcore"
| #define PACKAGE_VERSION "15.0.0"
| #define PACKAGE_STRING "SSTCore 15.0.0"
| #define PACKAGE_BUGREPORT "wg-sst@sandia.gov"
| #define PACKAGE_URL ""
| #define HAVE_STDIO_H 1
| #define HAVE_STDLIB_H 1
| #define HAVE_STRING_H 1
| #define HAVE_INTTYPES_H 1
| #define HAVE_STDINT_H 1
| #define HAVE_STRINGS_H 1
| #define HAVE_SYS_STAT_H 1
| #define HAVE_SYS_TYPES_H 1
| #define HAVE_UNISTD_H 1
| #define STDC_HEADERS 1
| #define HAVE_DLFCN_H 1
| #define LT_OBJDIR ".libs/"
| #define HAVE_CXX17 1
| /* end confdefs.h.  */
| 
| int
| main (void)
| {
| 
| #if !(defined(__clang__))
|       thisisanerror;
| #endif
| 
|   ;
|   return 0;
| }
configure:19995: g++ -std=c++17 -c -g3 -O0 -fno-omit-frame-pointer -std=c++17  conftest.cpp >&5
conftest.cpp: In function 'int main()':
conftest.cpp:28:7: error: 'thisisanerror' was not declared in this scope
   28 |       thisisanerror;
      |       ^~~~~~~~~~~~~
configure:19995: $? = 1
configure: failed program was:
| /* confdefs.h */
| #define PACKAGE_NAME "SSTCore"
| #define PACKAGE_TARNAME "sstcore"
| #define PACKAGE_VERSION "15.0.0"
| #define PACKAGE_STRING "SSTCore 15.0.0"
| #define PACKAGE_BUGREPORT "wg-sst@sandia.gov"
| #define PACKAGE_URL ""
| #define HAVE_STDIO_H 1
| #define HAVE_STDLIB_H 1
| #define HAVE_STRING_H 1
| #define HAVE_INTTYPES_H 1
| #define HAVE_STDINT_H 1
| #define HAVE_STRINGS_H 1
| #define HAVE_SYS_STAT_H 1
| #define HAVE_SYS_TYPES_H 1
| #define HAVE_UNISTD_H 1
| #define STDC_HEADERS 1
| #define HAVE_DLFCN_H 1
| #define LT_OBJDIR ".libs/"
| #define HAVE_CXX17 1
| /* end confdefs.h.  */
| 
| int
| main (void)
| {
| 
| #if !(defined(_CRAYC))
|       thisisanerror;
| #endif
| 
|   ;
|   return 0;
| }
configure:19995: g++ -std=c++17 -c -g3 -O0 -fno-omit-frame-pointer -std=c++17  conftest.cpp >&5
conftest.cpp: In function 'int main()':
conftest.cpp:28:7: error: 'thisisanerror' was not declared in this scope
   28 |       thisisanerror;
      |       ^~~~~~~~~~~~~
configure:19995: $? = 1
configure: failed program was:
| /* confdefs.h */
| #define PACKAGE_NAME "SSTCore"
| #define PACKAGE_TARNAME "sstcore"
| #define PACKAGE_VERSION "15.0.0"
| #define PACKAGE_STRING "SSTCore 15.0.0"
| #define PACKAGE_BUGREPORT "wg-sst@sandia.gov"
| #define PACKAGE_URL ""
| #define HAVE_STDIO_H 1
| #define HAVE_STDLIB_H 1
| #define HAVE_STRING_H 1
| #define HAVE_INTTYPES_H 1
| #define HAVE_STDINT_H 1
| #define HAVE_STRINGS_H 1
| #define HAVE_SYS_STAT_H 1
| #define HAVE_SYS_TYPES_H 1
| #define HAVE_UNISTD_H 1
| #define STDC_HEADERS 1
| #define HAVE_DLFCN_H 1
| #define LT_OBJDIR ".libs/"
| #define HAVE_CXX17 1
| /* end confdefs.h.  */
| 
| int
| main (void)
| {
| 
| #if !(defined(__FUJITSU))
|       thisisanerror;
| #endif
| 
|   ;
|   return 0;
| }
configure:19995: g++ -std=c++17 -c -g3 -O0 -fno-omit-frame-pointer -std=c++17  conftest.cpp >&5
conftest.cpp: In function 'int main()':
conftest.cpp:28:7: error: 'thisisanerror' was not declared in this scope
   28 |       thisisanerror;
      |       ^~~~~~~~~~~~~
configure:19995: $? = 1
configure: failed program was:
| /* confdefs.h */
| #define PACKAGE_NAME "SSTCore"
| #define PACKAGE_TARNAME "sstcore"
| #define PACKAGE_VERSION "15.0.0"
| #define PACKAGE_STRING "SSTCore 15.0.0"
| #define PACKAGE_BUGREPORT "wg-sst@sandia.gov"
| #define PACKAGE_URL ""
| #define HAVE_STDIO_H 1
| #define HAVE_STDLIB_H 1
| #define HAVE_STRING_H 1
| #define HAVE_INTTYPES_H 1
| #define HAVE_STDINT_H 1
| #define HAVE_STRINGS_H 1
| #define HAVE_SYS_STAT_H 1
| #define HAVE_SYS_TYPES_H 1
| #define HAVE_UNISTD_H 1
| #define STDC_HEADERS 1
| #define HAVE_DLFCN_H 1
| #define LT_OBJDIR ".libs/"
| #define HAVE_CXX17 1
| /* end confdefs.h.  */
| 
| int
| main (void)
| {
| 
| #if !(defined(SDCC) || defined(__SDCC))
|       thisisanerror;
| #endif
| 
|   ;
|   return 0;
| }
configure:19995: g++ -std=c++17 -c -g3 -O0 -fno-omit-frame-pointer -std=c++17  conftest.cpp >&5
conftest.cpp: In function 'int main()':
conftest.cpp:28:7: error: 'thisisanerror' was not declared in this scope
   28 |       thisisanerror;
      |       ^~~~~~~~~~~~~
configure:19995: $? = 1
configure: failed program was:
| /* confdefs.h */
| #define PACKAGE_NAME "SSTCore"
| #define PACKAGE_TARNAME "sstcore"
| #define PACKAGE_VERSION "15.0.0"
| #define PACKAGE_STRING "SSTCore 15.0.0"
| #define PACKAGE_BUGREPORT "wg-sst@sandia.gov"
| #define PACKAGE_URL ""
| #define HAVE_STDIO_H 1
| #define HAVE_STDLIB_H 1
| #define HAVE_STRING_H 1
| #define HAVE_INTTYPES_H 1
| #define HAVE_STDINT_H 1
| #define HAVE_STRINGS_H 1
| #define HAVE_SYS_STAT_H 1
| #define HAVE_SYS_TYPES_H 1
| #define HAVE_UNISTD_H 1
| #define STDC_HEADERS 1
| #define HAVE_DLFCN_H 1
| #define LT_OBJDIR ".libs/"
| #define HAVE_CXX17 1
| /* end confdefs.h.  */
| 
| int
| main (void)
| {
| 
| #if !(defined(_SX))
|       thisisanerror;
| #endif
| 
|   ;
|   return 0;
| }
configure:19995: g++ -std=c++17 -c -g3 -O0 -fno-omit-frame-pointer -std=c++17  conftest.cpp >&5
conftest.cpp: In function 'int main()':
conftest.cpp:28:7: error: 'thisisanerror' was not declared in this scope
   28 |       thisisanerror;
      |       ^~~~~~~~~~~~~
configure:19995: $? = 1
configure: failed program was:
| /* confdefs.h */
| #define PACKAGE_NAME "SSTCore"
| #define PACKAGE_TARNAME "sstcore"
| #define PACKAGE_VERSION "15.0.0"
| #define PACKAGE_STRING "SSTCore 15.0.0"
| #define PACKAGE_BUGREPORT "wg-sst@sandia.gov"
| #define PACKAGE_URL ""
| #define HAVE_STDIO_H 1
| #define HAVE_STDLIB_H 1
| #define HAVE_STRING_H 1
| #define HAVE_INTTYPES_H 1
| #define HAVE_STDINT_H 1
| #define HAVE_STRINGS_H 1
| #define HAVE_SYS_STAT_H 1
| #define HAVE_SYS_TYPES_H 1
| #define HAVE_UNISTD_H 1
| #define STDC_HEADERS 1
| #define HAVE_DLFCN_H 1
| #define LT_OBJDIR ".libs/"
| #define HAVE_CXX17 1
| /* end confdefs.h.  */
| 
| int
| main (void)
| {
| 
| #if !(defined(__NVCOMPILER))
|       thisisanerror;
| #endif
| 
|   ;
|   return 0;
| }
configure:19995: g++ -std=c++17 -c -g3 -O0 -fno-omit-frame-pointer -std=c++17  conftest.cpp >&5
conftest.cpp: In function 'int main()':
conftest.cpp:28:7: error: 'thisisanerror' was not declared in this scope
   28 |       thisisanerror;
      |       ^~~~~~~~~~~~~
configure:19995: $? = 1
configure: failed program was:
| /* confdefs.h */
| #define PACKAGE_NAME "SSTCore"
| #define PACKAGE_TARNAME "sstcore"
| #define PACKAGE_VERSION "15.0.0"
| #define PACKAGE_STRING "SSTCore 15.0.0"
| #define PACKAGE_BUGREPORT "wg-sst@sandia.gov"
| #define PACKAGE_URL ""
| #define HAVE_STDIO_H 1
| #define HAVE_STDLIB_H 1
| #define HAVE_STRING_H 1
| #define HAVE_INTTYPES_H 1
| #define HAVE_STDINT_H 1
| #define HAVE_STRINGS_H 1
| #define HAVE_SYS_STAT_H 1
| #define HAVE_SYS_TYPES_H 1
| #define HAVE_UNISTD_H 1
| #define STDC_HEADERS 1
| #define HAVE_DLFCN_H 1
| #define LT_OBJDIR ".libs/"
| #define HAVE_CXX17 1
| /* end confdefs.h.  */
| 
| int
| main (void)
| {
| 
| #if !(defined(__PGI))
|       thisisanerror;
| #endif
| 
|   ;
|   return 0;
| }
configure:19995: g++ -std=c++17 -c -g3 -O0 -fno-omit-frame-pointer -std=c++17  conftest.cpp >&5
configure:19995: $? = 0
configure:20006: result: gnu
configure:20049: checking for c_asm.h
configure:20049: gcc -c -g3 -O0 -fno-omit-frame-pointer -Wall -Wextra -Wvla -Wnon-virtual-dtor -Wsuggest-override -I$(top_srcdir)/src -I$(top_builddir)/src  conftest.c >&5
cc1: warning: command-line option '-Wnon-virtual-dtor' is valid for C++/ObjC++ but not for C
cc1: warning: command-line option '-Wsuggest-override' is valid for C++/ObjC++ but not for C
conftest.c:50:10: fatal error: c_asm.h: No such file or directory
   50 | #include <c_asm.h>
      |          ^~~~~~~~~
compilation terminated.
configure:20049: $? = 1
configure: failed program was:
| /* confdefs.h */
| #define PACKAGE_NAME "SSTCore"
| #define PACKAGE_TARNAME "sstcore"
| #define PACKAGE_VERSION "15.0.0"
| #define PACKAGE_STRING "SSTCore 15.0.0"
| #define PACKAGE_BUGREPORT "wg-sst@sandia.gov"
| #define PACKAGE_URL ""
| #define HAVE_STDIO_H 1
| #define HAVE_STDLIB_H 1
| #define HAVE_STRING_H 1
| #define HAVE_INTTYPES_H 1
| #define HAVE_STDINT_H 1
| #define HAVE_STRINGS_H 1
| #define HAVE_SYS_STAT_H 1
| #define HAVE_SYS_TYPES_H 1
| #define HAVE_UNISTD_H 1
| #define STDC_HEADERS 1
| #define HAVE_DLFCN_H 1
| #define LT_OBJDIR ".libs/"
| #define HAVE_CXX17 1
| /* end confdefs.h.  */
| #include <stddef.h>
| #ifdef HAVE_STDIO_H
| # include <stdio.h>
| #endif
| #ifdef HAVE_STDLIB_H
| # include <stdlib.h>
| #endif
| #ifdef HAVE_STRING_H
| # include <string.h>
| #endif
| #ifdef HAVE_INTTYPES_H
| # include <inttypes.h>
| #endif
| #ifdef HAVE_STDINT_H
| # include <stdint.h>
| #endif
| #ifdef HAVE_STRINGS_H
| # include <strings.h>
| #endif
| #ifdef HAVE_SYS_TYPES_H
| # include <sys/types.h>
| #endif
| #ifdef HAVE_SYS_STAT_H
| # include <sys/stat.h>
| #endif
| #ifdef HAVE_UNISTD_H
| # include <unistd.h>
| #endif
| #include <c_asm.h>
configure:20049: result: no
configure:20055: checking for dlfcn.h
configure:20055: result: yes
configure:20061: checking for intrinsics.h
configure:20061: gcc -c -g3 -O0 -fno-omit-frame-pointer -Wall -Wextra -Wvla -Wnon-virtual-dtor -Wsuggest-override -I$(top_srcdir)/src -I$(top_builddir)/src  conftest.c >&5
cc1: warning: command-line option '-Wnon-virtual-dtor' is valid for C++/ObjC++ but not for C
cc1: warning: command-line option '-Wsuggest-override' is valid for C++/ObjC++ but not for C
conftest.c:51:10: fatal error: intrinsics.h: No such file or directory
   51 | #include <intrinsics.h>
      |          ^~~~~~~~~~~~~~
compilation terminated.
configure:20061: $? = 1
configure: failed program was:
| /* confdefs.h */
| #define PACKAGE_NAME "SSTCore"
| #define PACKAGE_TARNAME "sstcore"
| #define PACKAGE_VERSION "15.0.0"
| #define PACKAGE_STRING "SSTCore 15.0.0"
| #define PACKAGE_BUGREPORT "wg-sst@sandia.gov"
| #define PACKAGE_URL ""
| #define HAVE_STDIO_H 1
| #define HAVE_STDLIB_H 1
| #define HAVE_STRING_H 1
| #define HAVE_INTTYPES_H 1
| #define HAVE_STDINT_H 1
| #define HAVE_STRINGS_H 1
| #define HAVE_SYS_STAT_H 1
| #define HAVE_SYS_TYPES_H 1
| #define HAVE_UNISTD_H 1
| #define STDC_HEADERS 1
| #define HAVE_DLFCN_H 1
| #define LT_OBJDIR ".libs/"
| #define HAVE_CXX17 1
| #define HAVE_DLFCN_H 1
| /* end confdefs.h.  */
| #include <stddef.h>
| #ifdef HAVE_STDIO_H
| # include <stdio.h>
| #endif
| #ifdef HAVE_STDLIB_H
| # include <stdlib.h>
| #endif
| #ifdef HAVE_STRING_H
| # include <string.h>
| #endif
| #ifdef HAVE_INTTYPES_H
| # include <inttypes.h>
| #endif
| #ifdef HAVE_STDINT_H
| # include <stdint.h>
| #endif
| #ifdef HAVE_STRINGS_H
| # include <strings.h>
| #endif
| #ifdef HAVE_SYS_TYPES_H
| # include <sys/types.h>
| #endif
| #ifdef HAVE_SYS_STAT_H
| # include <sys/stat.h>
| #endif
| #ifdef HAVE_UNISTD_H
| # include <unistd.h>
| #endif
| #include <intrinsics.h>
configure:20061: result: no
configure:20067: checking for mach/mach_time.h
configure:20067: gcc -c -g3 -O0 -fno-omit-frame-pointer -Wall -Wextra -Wvla -Wnon-virtual-dtor -Wsuggest-override -I$(top_srcdir)/src -I$(top_builddir)/src  conftest.c >&5
cc1: warning: command-line option '-Wnon-virtual-dtor' is valid for C++/ObjC++ but not for C
cc1: warning: command-line option '-Wsuggest-override' is valid for C++/ObjC++ but not for C
conftest.c:51:10: fatal error: mach/mach_time.h: No such file or directory
   51 | #include <mach/mach_time.h>
      |          ^~~~~~~~~~~~~~~~~~
compilation terminated.
configure:20067: $? = 1
configure: failed program was:
| /* confdefs.h */
| #define PACKAGE_NAME "SSTCore"
| #define PACKAGE_TARNAME "sstcore"
| #define PACKAGE_VERSION "15.0.0"
| #define PACKAGE_STRING "SSTCore 15.0.0"
| #define PACKAGE_BUGREPORT "wg-sst@sandia.gov"
| #define PACKAGE_URL ""
| #define HAVE_STDIO_H 1
| #define HAVE_STDLIB_H 1
| #define HAVE_STRING_H 1
| #define HAVE_INTTYPES_H 1
| #define HAVE_STDINT_H 1
| #define HAVE_STRINGS_H 1
| #define HAVE_SYS_STAT_H 1
| #define HAVE_SYS_TYPES_H 1
| #define HAVE_UNISTD_H 1
| #define STDC_HEADERS 1
| #define HAVE_DLFCN_H 1
| #define LT_OBJDIR ".libs/"
| #define HAVE_CXX17 1
| #define HAVE_DLFCN_H 1
| /* end confdefs.h.  */
| #include <stddef.h>
| #ifdef HAVE_STDIO_H
| # include <stdio.h>
| #endif
| #ifdef HAVE_STDLIB_H
| # include <stdlib.h>
| #endif
| #ifdef HAVE_STRING_H
| # include <string.h>
| #endif
| #ifdef HAVE_INTTYPES_H
| # include <inttypes.h>
| #endif
| #ifdef HAVE_STDINT_H
| # include <stdint.h>
| #endif
| #ifdef HAVE_STRINGS_H
| # include <strings.h>
| #endif
| #ifdef HAVE_SYS_TYPES_H
| # include <sys/types.h>
| #endif
| #ifdef HAVE_SYS_STAT_H
| # include <sys/stat.h>
| #endif
| #ifdef HAVE_UNISTD_H
| # include <unistd.h>
| #endif
| #include <mach/mach_time.h>
configure:20067: result: no
configure:20073: checking for sys/time.h
configure:20073: gcc -c -g3 -O0 -fno-omit-frame-pointer -Wall -Wextra -Wvla -Wnon-virtual-dtor -Wsuggest-override -I$(top_srcdir)/src -I$(top_builddir)/src  conftest.c >&5
cc1: warning: command-line option '-Wnon-virtual-dtor' is valid for C++/ObjC++ but not for C
cc1: warning: command-line option '-Wsuggest-override' is valid for C++/ObjC++ but not for C
configure:20073: $? = 0
configure:20073: result: yes
configure:20079: checking for sys/stat.h
configure:20079: result: yes
configure:20085: checking for sys/types.h
configure:20085: result: yes
configure:20091: checking for unistd.h
configure:20091: result: yes
configure:20179: checking for doxygen
configure:20215: result: no
configure:20304: checking for Mac OSX
configure:20334: result: no
configure:20376: checking for mpicc
configure:20409: result: mpicc
configure:20431: checking how to run the MPI C preprocessor
configure:20457: mpicc -E -I$(top_srcdir)/src -I$(top_builddir)/src  conftest.c
./configure: line 1772: mpicc: command not found
configure:20457: $? = 127
configure: failed program was:
| /* confdefs.h */
| #define PACKAGE_NAME "SSTCore"
| #define PACKAGE_TARNAME "sstcore"
| #define PACKAGE_VERSION "15.0.0"
| #define PACKAGE_STRING "SSTCore 15.0.0"
| #define PACKAGE_BUGREPORT "wg-sst@sandia.gov"
| #define PACKAGE_URL ""
| #define HAVE_STDIO_H 1
| #define HAVE_STDLIB_H 1
| #define HAVE_STRING_H 1
| #define HAVE_INTTYPES_H 1
| #define HAVE_STDINT_H 1
| #define HAVE_STRINGS_H 1
| #define HAVE_SYS_STAT_H 1
| #define HAVE_SYS_TYPES_H 1
| #define HAVE_UNISTD_H 1
| #define STDC_HEADERS 1
| #define HAVE_DLFCN_H 1
| #define LT_OBJDIR ".libs/"
| #define HAVE_CXX17 1
| #define HAVE_DLFCN_H 1
| #define HAVE_SYS_TIME_H 1
| #define HAVE_SYS_STAT_H 1
| #define HAVE_SYS_TYPES_H 1
| #define HAVE_UNISTD_H 1
| /* end confdefs.h.  */
| #ifdef __STDC__
| # include <limits.h>
| #else
| # include <assert.h>
| #endif
|            Syntax error
configure:20457: mpicc -E -traditional-cpp -I$(top_srcdir)/src -I$(top_builddir)/src  conftest.c
./configure: line 1772: mpicc: command not found
configure:20457: $? = 127
configure: failed program was:
| /* confdefs.h */
| #define PACKAGE_NAME "SSTCore"
| #define PACKAGE_TARNAME "sstcore"
| #define PACKAGE_VERSION "15.0.0"
| #define PACKAGE_STRING "SSTCore 15.0.0"
| #define PACKAGE_BUGREPORT "wg-sst@sandia.gov"
| #define PACKAGE_URL ""
| #define HAVE_STDIO_H 1
| #define HAVE_STDLIB_H 1
| #define HAVE_STRING_H 1
| #define HAVE_INTTYPES_H 1
| #define HAVE_STDINT_H 1
| #define HAVE_STRINGS_H 1
| #define HAVE_SYS_STAT_H 1
| #define HAVE_SYS_TYPES_H 1
| #define HAVE_UNISTD_H 1
| #define STDC_HEADERS 1
| #define HAVE_DLFCN_H 1
| #define LT_OBJDIR ".libs/"
| #define HAVE_CXX17 1
| #define HAVE_DLFCN_H 1
| #define HAVE_SYS_TIME_H 1
| #define HAVE_SYS_STAT_H 1
| #define HAVE_SYS_TYPES_H 1
| #define HAVE_UNISTD_H 1
| /* end confdefs.h.  */
| #ifdef __STDC__
| # include <limits.h>
| #else
| # include <assert.h>
| #endif
|            Syntax error
configure:20457: /lib/cpp -I$(top_srcdir)/src -I$(top_builddir)/src  conftest.c
configure:20457: $? = 0
configure:20473: /lib/cpp -I$(top_srcdir)/src -I$(top_builddir)/src  conftest.c
conftest.c:27:10: fatal error: ax_nonexistent.h: No such file or directory
   27 | #include <ax_nonexistent.h>
      |          ^~~~~~~~~~~~~~~~~~
compilation terminated.
configure:20473: $? = 1
configure: failed program was:
| /* confdefs.h */
| #define PACKAGE_NAME "SSTCore"
| #define PACKAGE_TARNAME "sstcore"
| #define PACKAGE_VERSION "15.0.0"
| #define PACKAGE_STRING "SSTCore 15.0.0"
| #define PACKAGE_BUGREPORT "wg-sst@sandia.gov"
| #define PACKAGE_URL ""
| #define HAVE_STDIO_H 1
| #define HAVE_STDLIB_H 1
| #define HAVE_STRING_H 1
| #define HAVE_INTTYPES_H 1
| #define HAVE_STDINT_H 1
| #define HAVE_STRINGS_H 1
| #define HAVE_SYS_STAT_H 1
| #define HAVE_SYS_TYPES_H 1
| #define HAVE_UNISTD_H 1
| #define STDC_HEADERS 1
| #define HAVE_DLFCN_H 1
| #define LT_OBJDIR ".libs/"
| #define HAVE_CXX17 1
| #define HAVE_DLFCN_H 1
| #define HAVE_SYS_TIME_H 1
| #define HAVE_SYS_STAT_H 1
| #define HAVE_SYS_TYPES_H 1
| #define HAVE_UNISTD_H 1
| /* end confdefs.h.  */
| #include <ax_nonexistent.h>
configure:20503: result: /lib/cpp
configure:20515: gcc -E -I$(top_srcdir)/src -I$(top_builddir)/src  conftest.c
configure:20515: $? = 0
configure:20531: gcc -E -I$(top_srcdir)/src -I$(top_builddir)/src  conftest.c
conftest.c:27:10: fatal error: ax_nonexistent.h: No such file or directory
   27 | #include <ax_nonexistent.h>
      |          ^~~~~~~~~~~~~~~~~~
compilation terminated.
configure:20531: $? = 1
configure: failed program was:
| /* confdefs.h */
| #define PACKAGE_NAME "SSTCore"
| #define PACKAGE_TARNAME "sstcore"
| #define PACKAGE_VERSION "15.0.0"
| #define PACKAGE_STRING "SSTCore 15.0.0"
| #define PACKAGE_BUGREPORT "wg-sst@sandia.gov"
| #define PACKAGE_URL ""
| #define HAVE_STDIO_H 1
| #define HAVE_STDLIB_H 1
| #define HAVE_STRING_H 1
| #define HAVE_INTTYPES_H 1
| #define HAVE_STDINT_H 1
| #define HAVE_STRINGS_H 1
| #define HAVE_SYS_STAT_H 1
| #define HAVE_SYS_TYPES_H 1
| #define HAVE_UNISTD_H 1
| #define STDC_HEADERS 1
| #define HAVE_DLFCN_H 1
| #define LT_OBJDIR ".libs/"
| #define HAVE_CXX17 1
| #define HAVE_DLFCN_H 1
| #define HAVE_SYS_TIME_H 1
| #define HAVE_SYS_STAT_H 1
| #define HAVE_SYS_TYPES_H 1
| #define HAVE_UNISTD_H 1
| /* end confdefs.h.  */
| #include <ax_nonexistent.h>
configure:20568: checking for MPI_Init
configure:20568: mpicc -o conftest -g3 -O0 -fno-omit-frame-pointer -Wall -Wextra -Wvla -Wnon-virtual-dtor -Wsuggest-override -I$(top_srcdir)/src -I$(top_builddir)/src   conftest.c  >&5
./configure: line 1812: mpicc: command not found
configure:20568: $? = 127
configure: failed program was:
| /* confdefs.h */
| #define PACKAGE_NAME "SSTCore"
| #define PACKAGE_TARNAME "sstcore"
| #define PACKAGE_VERSION "15.0.0"
| #define PACKAGE_STRING "SSTCore 15.0.0"
| #define PACKAGE_BUGREPORT "wg-sst@sandia.gov"
| #define PACKAGE_URL ""
| #define HAVE_STDIO_H 1
| #define HAVE_STDLIB_H 1
| #define HAVE_STRING_H 1
| #define HAVE_INTTYPES_H 1
| #define HAVE_STDINT_H 1
| #define HAVE_STRINGS_H 1
| #define HAVE_SYS_STAT_H 1
| #define HAVE_SYS_TYPES_H 1
| #define HAVE_UNISTD_H 1
| #define STDC_HEADERS 1
| #define HAVE_DLFCN_H 1
| #define LT_OBJDIR ".libs/"
| #define HAVE_CXX17 1
| #define HAVE_DLFCN_H 1
| #define HAVE_SYS_TIME_H 1
| #define HAVE_SYS_STAT_H 1
| #define HAVE_SYS_TYPES_H 1
| #define HAVE_UNISTD_H 1
| /* end confdefs.h.  */
| /* Define MPI_Init to an innocuous variant, in case <limits.h> declares MPI_Init.
|    For example, HP-UX 11i <limits.h> declares gettimeofday.  */
| #define MPI_Init innocuous_MPI_Init
| 
| /* System header to define __stub macros and hopefully few prototypes,
|    which can conflict with char MPI_Init (void); below.  */
| 
| #include <limits.h>
| #undef MPI_Init
| 
| /* Override any GCC internal prototype to avoid an error.
|    Use char because int might match the return type of a GCC
|    builtin and then its argument prototype would still apply.  */
| #ifdef __cplusplus
| extern "C"
| #endif
| char MPI_Init (void);
| /* The GNU C library defines this for functions which it implements
|     to always fail with ENOSYS.  Some functions are actually named
|     something starting with __ and the normal name is an alias.  */
| #if defined __stub_MPI_Init || defined __stub___MPI_Init
| choke me
| #endif
| 
| int
| main (void)
| {
| return MPI_Init ();
|   ;
|   return 0;
| }
configure:20568: result: no
configure:20576: checking for MPI_Init in -lmpi
configure:20605: mpicc -o conftest -g3 -O0 -fno-omit-frame-pointer -Wall -Wextra -Wvla -Wnon-virtual-dtor -Wsuggest-override -I$(top_srcdir)/src -I$(top_builddir)/src   conftest.c -lmpi   >&5
./configure: line 1812: mpicc: command not found
configure:20605: $? = 127
configure: failed program was:
| /* confdefs.h */
| #define PACKAGE_NAME "SSTCore"
| #define PACKAGE_TARNAME "sstcore"
| #define PACKAGE_VERSION "15.0.0"
| #define PACKAGE_STRING "SSTCore 15.0.0"
| #define PACKAGE_BUGREPORT "wg-sst@sandia.gov"
| #define PACKAGE_URL ""
| #define HAVE_STDIO_H 1
| #define HAVE_STDLIB_H 1
| #define HAVE_STRING_H 1
| #define HAVE_INTTYPES_H 1
| #define HAVE_STDINT_H 1
| #define HAVE_STRINGS_H 1
| #define HAVE_SYS_STAT_H 1
| #define HAVE_SYS_TYPES_H 1
| #define HAVE_UNISTD_H 1
| #define STDC_HEADERS 1
| #define HAVE_DLFCN_H 1
| #define LT_OBJDIR ".libs/"
| #define HAVE_CXX17 1
| #define HAVE_DLFCN_H 1
| #define HAVE_SYS_TIME_H 1
| #define HAVE_SYS_STAT_H 1
| #define HAVE_SYS_TYPES_H 1
| #define HAVE_UNISTD_H 1
| /* end confdefs.h.  */
| 
| /* Override any GCC internal prototype to avoid an error.
|    Use char because int might match the return type of a GCC
|    builtin and then its argument prototype would still apply.
|    The 'extern "C"' is for builds by C++ compilers;
|    although this is not generally supported in C code supporting it here
|    has little cost and some practical benefit (sr 110532).  */
| #ifdef __cplusplus
| extern "C"
| #endif
| char MPI_Init (void);
| int
| main (void)
| {
| return MPI_Init ();
|   ;
|   return 0;
| }
configure:20617: result: no
configure:20626: checking for MPI_Init in -lmpich
configure:20655: mpicc -o conftest -g3 -O0 -fno-omit-frame-pointer -Wall -Wextra -Wvla -Wnon-virtual-dtor -Wsuggest-override -I$(top_srcdir)/src -I$(top_builddir)/src   conftest.c -lmpich   >&5
./configure: line 1812: mpicc: command not found
configure:20655: $? = 127
configure: failed program was:
| /* confdefs.h */
| #define PACKAGE_NAME "SSTCore"
| #define PACKAGE_TARNAME "sstcore"
| #define PACKAGE_VERSION "15.0.0"
| #define PACKAGE_STRING "SSTCore 15.0.0"
| #define PACKAGE_BUGREPORT "wg-sst@sandia.gov"
| #define PACKAGE_URL ""
| #define HAVE_STDIO_H 1
| #define HAVE_STDLIB_H 1
| #define HAVE_STRING_H 1
| #define HAVE_INTTYPES_H 1
| #define HAVE_STDINT_H 1
| #define HAVE_STRINGS_H 1
| #define HAVE_SYS_STAT_H 1
| #define HAVE_SYS_TYPES_H 1
| #define HAVE_UNISTD_H 1
| #define STDC_HEADERS 1
| #define HAVE_DLFCN_H 1
| #define LT_OBJDIR ".libs/"
| #define HAVE_CXX17 1
| #define HAVE_DLFCN_H 1
| #define HAVE_SYS_TIME_H 1
| #define HAVE_SYS_STAT_H 1
| #define HAVE_SYS_TYPES_H 1
| #define HAVE_UNISTD_H 1
| /* end confdefs.h.  */
| 
| /* Override any GCC internal prototype to avoid an error.
|    Use char because int might match the return type of a GCC
|    builtin and then its argument prototype would still apply.
|    The 'extern "C"' is for builds by C++ compilers;
|    although this is not generally supported in C code supporting it here
|    has little cost and some practical benefit (sr 110532).  */
| #ifdef __cplusplus
| extern "C"
| #endif
| char MPI_Init (void);
| int
| main (void)
| {
| return MPI_Init ();
|   ;
|   return 0;
| }
configure:20667: result: no
configure:20735: error: Could not find MPI package

## ---------------- ##
## Cache variables. ##
## ---------------- ##

ac_cv_build=x86_64-pc-linux-gnu
ac_cv_c_compiler_gnu=yes
ac_cv_c_inline=inline
ac_cv_cxx_compiler_gnu=yes
ac_cv_env_CCC_set=
ac_cv_env_CCC_value=
ac_cv_env_CC_set=
ac_cv_env_CC_value=
ac_cv_env_CFLAGS_set=set
ac_cv_env_CFLAGS_value='-g3 -O0 -fno-omit-frame-pointer'
ac_cv_env_CPPFLAGS_set=
ac_cv_env_CPPFLAGS_value=
ac_cv_env_CPP_set=
ac_cv_env_CPP_value=
ac_cv_env_CXXCPP_set=
ac_cv_env_CXXCPP_value=
ac_cv_env_CXXFLAGS_set=set
ac_cv_env_CXXFLAGS_value='-g3 -O0 -fno-omit-frame-pointer'
ac_cv_env_CXX_set=
ac_cv_env_CXX_value=
ac_cv_env_LDFLAGS_set=
ac_cv_env_LDFLAGS_value=
ac_cv_env_LIBS_set=
ac_cv_env_LIBS_value=
ac_cv_env_LT_SYS_LIBRARY_PATH_set=
ac_cv_env_LT_SYS_LIBRARY_PATH_value=
ac_cv_env_MPICC_set=set
ac_cv_env_MPICC_value=mpicc
ac_cv_env_MPICPP_set=
ac_cv_env_MPICPP_value=
ac_cv_env_MPICXXCPP_set=
ac_cv_env_MPICXXCPP_value=
ac_cv_env_MPICXX_set=set
ac_cv_env_MPICXX_value=mpicxx
ac_cv_env_build_alias_set=
ac_cv_env_build_alias_value=
ac_cv_env_host_alias_set=
ac_cv_env_host_alias_value=
ac_cv_env_target_alias_set=
ac_cv_env_target_alias_value=
ac_cv_func_MPI_Init=no
ac_cv_func_dlopen=yes
ac_cv_func_shl_load=no
ac_cv_header_c_asm_h=no
ac_cv_header_dlfcn_h=yes
ac_cv_header_intrinsics_h=no
ac_cv_header_inttypes_h=yes
ac_cv_header_mach_mach_time_h=no
ac_cv_header_stdint_h=yes
ac_cv_header_stdio_h=yes
ac_cv_header_stdlib_h=yes
ac_cv_header_string_h=yes
ac_cv_header_strings_h=yes
ac_cv_header_sys_stat_h=yes
ac_cv_header_sys_time_h=yes
ac_cv_header_sys_types_h=yes
ac_cv_header_unistd_h=yes
ac_cv_host=x86_64-pc-linux-gnu
ac_cv_lib_dld_shl_load=no
ac_cv_lib_mpi_MPI_Init=no
ac_cv_lib_mpich_MPI_Init=no
ac_cv_objext=o
ac_cv_path_EGREP='/usr/bin/grep -E'
ac_cv_path_EGREP_TRADITIONAL='/usr/bin/grep -E'
ac_cv_path_FGREP='/usr/bin/grep -F'
ac_cv_path_GREP=/usr/bin/grep
ac_cv_path_SED=/usr/bin/sed
ac_cv_path_install='/usr/bin/install -c'
ac_cv_path_lt_DD=/usr/bin/dd
ac_cv_path_mkdir=/usr/bin/mkdir
ac_cv_prog_AWK=mawk
ac_cv_prog_CPP='gcc -E'
ac_cv_prog_CXXCPP='g++ -E'
ac_cv_prog_FILECMD=file
ac_cv_prog_MPICC=mpicc
ac_cv_prog_ac_ct_AR=ar
ac_cv_prog_ac_ct_CC=gcc
ac_cv_prog_ac_ct_CXX=g++
ac_cv_prog_ac_ct_MANIFEST_TOOL=mt
ac_cv_prog_ac_ct_OBJDUMP=objdump
ac_cv_prog_ac_ct_RANLIB=ranlib
ac_cv_prog_ac_ct_STRIP=strip
ac_cv_prog_cc_c11=
ac_cv_prog_cc_g=yes
ac_cv_prog_cc_stdc=
ac_cv_prog_cxx_cxx11=
ac_cv_prog_cxx_g=yes
ac_cv_prog_cxx_stdcxx=
ac_cv_prog_make_make_set=yes
am_cv_CC_dependencies_compiler_type=gcc3
am_cv_CXX_dependencies_compiler_type=gcc3
am_cv_filesystem_timestamp_resolution=0.01
am_cv_make_support_nested_variables=yes
am_cv_prog_cc_c_o=yes
am_cv_prog_tar_pax=gnutar
am_cv_sleep_fractional_seconds=yes
am_cv_xargs_n_works=yes
ax_cv_cxx_compile_cxx17__std_cpp17=yes
ax_cv_cxx_compiler_vendor=gnu
ax_cv_prog_MPICPP=/lib/cpp
lt_cv_ar_at_file=@
lt_cv_archive_cmds_need_lc=no
lt_cv_deplibs_check_method=pass_all
lt_cv_dlopen=dlopen
lt_cv_dlopen_libs=
lt_cv_dlopen_self=yes
lt_cv_dlopen_self_static=no
lt_cv_file_magic_cmd='$MAGIC_CMD'
lt_cv_file_magic_test_file=
lt_cv_ld_reload_flag=-r
lt_cv_nm_interface='BSD nm'
lt_cv_objdir=.libs
lt_cv_path_LD=/usr/bin/ld
lt_cv_path_LDCXX='/usr/bin/ld -m elf_x86_64'
lt_cv_path_NM='/usr/bin/nm -B'
lt_cv_path_manifest_tool=no
lt_cv_prog_compiler_c_o=yes
lt_cv_prog_compiler_c_o_CXX=yes
lt_cv_prog_compiler_pic='-fPIC -DPIC'
lt_cv_prog_compiler_pic_CXX='-fPIC -DPIC'
lt_cv_prog_compiler_pic_works=yes
lt_cv_prog_compiler_pic_works_CXX=yes
lt_cv_prog_compiler_rtti_exceptions=no
lt_cv_prog_compiler_static_works=yes
lt_cv_prog_compiler_static_works_CXX=yes
lt_cv_prog_gnu_ld=yes
lt_cv_prog_gnu_ldcxx=yes
lt_cv_sharedlib_from_linklib_cmd='printf %s\n'
lt_cv_shlibpath_overrides_runpath=yes
lt_cv_sys_global_symbol_pipe='/usr/bin/sed -n -e '\''s/^.*[	 ]\([ABCDGIRSTW][ABCDGIRSTW]*\)[	 ][	 ]*\([_A-Za-z][_A-Za-z0-9]*\)$/\1 \2 \2/p'\'' | /usr/bin/sed '\''/ __gnu_lto/d'\'''
lt_cv_sys_global_symbol_to_c_name_address='/usr/bin/sed -n -e '\''s/^: \(.*\) .*$/  {"\1", (void *) 0},/p'\'' -e '\''s/^[ABCDGIRSTW][ABCDGIRSTW]* .* \(.*\)$/  {"\1", (void *) \&\1},/p'\'''
lt_cv_sys_global_symbol_to_c_name_address_lib_prefix='/usr/bin/sed -n -e '\''s/^: \(.*\) .*$/  {"\1", (void *) 0},/p'\'' -e '\''s/^[ABCDGIRSTW][ABCDGIRSTW]* .* \(lib.*\)$/  {"\1", (void *) \&\1},/p'\'' -e '\''s/^[ABCDGIRSTW][ABCDGIRSTW]* .* \(.*\)$/  {"lib\1", (void *) \&\1},/p'\'''
lt_cv_sys_global_symbol_to_cdecl='/usr/bin/sed -n -e '\''s/^T .* \(.*\)$/extern int \1();/p'\'' -e '\''s/^[ABCDGIRSTW][ABCDGIRSTW]* .* \(.*\)$/extern char \1;/p'\'''
lt_cv_sys_global_symbol_to_import=
lt_cv_sys_max_cmd_len=1572864
lt_cv_to_host_file_cmd=func_convert_file_noop
lt_cv_to_tool_file_cmd=func_convert_file_noop
lt_cv_truncate_bin='/usr/bin/dd bs=4096 count=1'

## ----------------- ##
## Output variables. ##
## ----------------- ##

ACLOCAL='${SHELL} '\''/home/gera/torus-allreduce/scratch/src/sst-core/config/missing'\'' aclocal-1.17'
AMDEPBACKSLASH='\'
AMDEP_FALSE='#'
AMDEP_TRUE=''
AMTAR='$${TAR-tar}'
AM_BACKSLASH='\'
AM_DEFAULT_V=''
AM_DEFAULT_VERBOSITY='0'
AM_V=''
AR='ar'
AUTOCONF='${SHELL} '\''/home/gera/torus-allreduce/scratch/src/sst-core/config/missing'\'' autoconf'
AUTOHEADER='${SHELL} '\''/home/gera/torus-allreduce/scratch/src/sst-core/config/missing'\'' autoheader'
AUTOMAKE='${SHELL} '\''/home/gera/torus-allreduce/scratch/src/sst-core/config/missing'\'' automake-1.17'
AWK='mawk'
CC='gcc'
CCDEPMODE='depmode=gcc3'
CC_VERSION=''
CFLAGS='-g3 -O0 -fno-omit-frame-pointer -Wall -Wextra -Wvla -Wnon-virtual-dtor -Wsuggest-override'
CPP='gcc -E'
CPPFLAGS='-I$(top_srcdir)/src -I$(top_builddir)/src '
CSCOPE='cscope'
CTAGS='ctags'
CURSES_CPPFLAGS=''
CURSES_LIBS=''
CXX='g++ -std=c++17'
CXXCPP='g++ -E -std=c++17'
CXXDEPMODE='depmode=gcc3'
CXXFLAGS='-g3 -O0 -fno-omit-frame-pointer -std=c++17 -Wall -Wextra -Wvla -Wnon-virtual-dtor -Wsuggest-override'
CYGPATH_W='echo'
DEFS=''
DEPDIR='.deps'
DLLTOOL='false'
DOXYGEN=''
DSYMUTIL=''
DUMPBIN=''
ECHO_C=''
ECHO_N='-n'
ECHO_T=''
EGREP='/usr/bin/grep -E'
ETAGS='etags'
EXEEXT=''
FGREP='/usr/bin/grep -F'
FILECMD='file'
GREP='/usr/bin/grep'
HAVE_CXX17='1'
HAVE_DOXYGEN_FALSE=''
HAVE_DOXYGEN_TRUE='#'
HDF5_CFLAGS=''
HDF5_LDFLAGS=''
HDF5_LIBS=''
INSTALL_DATA='${INSTALL} -m 644'
INSTALL_PROGRAM='${INSTALL}'
INSTALL_SCRIPT='${INSTALL}'
INSTALL_STRIP_PROGRAM='$(install_sh) -c -s'
LD='/usr/bin/ld -m elf_x86_64'
LDFLAGS=''
LIBOBJS=''
LIBS=''
LIBTOOL='$(SHELL) $(top_builddir)/libtool'
LIBZ_CPPFLAGS=''
LIBZ_LDFLAGS=''
LIBZ_LIBS=''
LIPO=''
LN_S='ln -s'
LTLIBOBJS=''
LT_SYS_LIBRARY_PATH=''
MAKEINFO='${SHELL} '\''/home/gera/torus-allreduce/scratch/src/sst-core/config/missing'\'' makeinfo'
MANIFEST_TOOL=':'
MKDIR_P='/usr/bin/mkdir -p'
MPICC='mpicc'
MPICC_VERSION=''
MPICPP='/lib/cpp'
MPICXX='mpicxx'
MPICXXCPP=''
MPILIBS=''
MPI_CPPFLAGS=''
NCURSES_CONFIG_EXE=''
NM='/usr/bin/nm -B'
NMEDIT=''
OBJDUMP='objdump'
OBJEXT='o'
OTOOL64=''
OTOOL=''
PACKAGE='sstcore'
PACKAGE_BUGREPORT='wg-sst@sandia.gov'
PACKAGE_NAME='SSTCore'
PACKAGE_STRING='SSTCore 15.0.0'
PACKAGE_TARNAME='sstcore'
PACKAGE_URL=''
PACKAGE_VERSION='15.0.0'
PATH_SEPARATOR=':'
PKGCONFIG=''
PYTHON_CONFIG_EXE=''
PYTHON_CPPFLAGS=''
PYTHON_EXE=''
PYTHON_LDFLAGS=''
PYTHON_LIBS=''
PYTHON_VERSION3=''
PYTHON_VERSION=''
RANLIB='ranlib'
SED='/usr/bin/sed'
SET_MAKE=''
SHELL='/bin/bash'
SSTCORE_GIT_BRANCH=''
SSTCORE_GIT_COMMITCOUNT=''
SSTCORE_GIT_HEADSHA=''
SST_COMPILE_OSX_FALSE=''
SST_COMPILE_OSX_TRUE='#'
SST_CONFIG_HAVE_PYTHON3_FALSE=''
SST_CONFIG_HAVE_PYTHON3_TRUE=''
SST_CONFIG_HAVE_PYTHON_FALSE=''
SST_CONFIG_HAVE_PYTHON_TRUE=''
SST_ELEMENT_FPIC_FLAGS=''
SST_ENABLE_PREVIEW_BUILD_FALSE=''
SST_ENABLE_PREVIEW_BUILD_STR=''
SST_ENABLE_PREVIEW_BUILD_TRUE='#'
SST_EXPORT_CFLAGS=''
SST_EXPORT_CXXFLAGS=''
SST_TESTFRAMEWORK_DEV_FALSE=''
SST_TESTFRAMEWORK_DEV_TRUE='#'
SST_USE_MPI_FALSE=''
SST_USE_MPI_TRUE=''
STRIP='strip'
USE_CURSES_FALSE=''
USE_CURSES_TRUE=''
USE_HDF5_FALSE=''
USE_HDF5_TRUE=''
USE_LIBZ_FALSE=''
USE_LIBZ_TRUE=''
VERSION='15.0.0'
ac_ct_AR='ar'
ac_ct_CC='gcc'
ac_ct_CXX='g++'
ac_ct_DUMPBIN=''
am__EXEEXT_FALSE=''
am__EXEEXT_TRUE=''
am__fastdepCC_FALSE='#'
am__fastdepCC_TRUE=''
am__fastdepCXX_FALSE='#'
am__fastdepCXX_TRUE=''
am__include='include'
am__isrc=''
am__leading_dot='.'
am__nodep='_no'
am__quote=''
am__rm_f_notfound=''
am__tar='tar --format=posix -chf - "$$tardir"'
am__untar='tar -xf -'
am__xargs_n='xargs -n'
bindir='${exec_prefix}/bin'
build='x86_64-pc-linux-gnu'
build_alias=''
build_cpu='x86_64'
build_os='linux-gnu'
build_vendor='pc'
datadir='${datarootdir}'
datarootdir='${prefix}/share'
docdir='${datarootdir}/doc/${PACKAGE_TARNAME}'
dvidir='${docdir}'
exec_prefix='NONE'
host='x86_64-pc-linux-gnu'
host_alias=''
host_cpu='x86_64'
host_os='linux-gnu'
host_vendor='pc'
htmldir='${docdir}'
includedir='${prefix}/include'
infodir='${datarootdir}/info'
install_sh='${SHELL} /home/gera/torus-allreduce/scratch/src/sst-core/config/install-sh'
libdir='${exec_prefix}/lib'
libexecdir='${exec_prefix}/libexec'
localedir='${datarootdir}/locale'
localstatedir='${prefix}/var'
mandir='${datarootdir}/man'
mkdir_p='$(MKDIR_P)'
oldincludedir='/usr/include'
pdfdir='${docdir}'
prefix='/home/gera/torus-allreduce/local/sstcore-15.0.0'
program_transform_name='s,x,x,'
psdir='${docdir}'
runstatedir='${localstatedir}/run'
sbindir='${exec_prefix}/sbin'
sharedstatedir='${prefix}/com'
sysconfdir='${prefix}/etc'
target_alias=''

## ----------- ##
## confdefs.h. ##
## ----------- ##

/* confdefs.h */
#define PACKAGE_NAME "SSTCore"
#define PACKAGE_TARNAME "sstcore"
#define PACKAGE_VERSION "15.0.0"
#define PACKAGE_STRING "SSTCore 15.0.0"
#define PACKAGE_BUGREPORT "wg-sst@sandia.gov"
#define PACKAGE_URL ""
#define HAVE_STDIO_H 1
#define HAVE_STDLIB_H 1
#define HAVE_STRING_H 1
#define HAVE_INTTYPES_H 1
#define HAVE_STDINT_H 1
#define HAVE_STRINGS_H 1
#define HAVE_SYS_STAT_H 1
#define HAVE_SYS_TYPES_H 1
#define HAVE_UNISTD_H 1
#define STDC_HEADERS 1
#define HAVE_DLFCN_H 1
#define LT_OBJDIR ".libs/"
#define HAVE_CXX17 1
#define HAVE_DLFCN_H 1
#define HAVE_SYS_TIME_H 1
#define HAVE_SYS_STAT_H 1
#define HAVE_SYS_TYPES_H 1
#define HAVE_UNISTD_H 1

configure: exit 1
